🌐 Starting comprehensive browser test...
📡 Navigating to http://localhost:5173...
[LOG] === RACE CONDITION TEST SCRIPT LOADED ===
[DEBUG] [vite] connecting...
[DEBUG] [vite] connected.
[INFO] %cDownload the React DevTools for a better development experience: https://reactjs.org/link/react-devtools font-weight:bold
[LOG] %c * Tone.js v14.9.17 *  background: #000; color: #fff
[WARNING] The AudioContext was not allowed to start. It must be resumed (or created) after a user gesture on the page. https://developer.chrome.com/blog/autoplay/#web_audio
[WARNING] The AudioContext was not allowed to start. It must be resumed (or created) after a user gesture on the page. https://developer.chrome.com/blog/autoplay/#web_audio
⏳ Waiting for main menu to load...
[INFO] ℹ️ [QualiaLogger] INFO: TimerService initialized with timer abstraction {}
[INFO] ℹ️ [QualiaLogger] INFO: HttpService initialized with fetch abstraction {defaultTimeout: 10000}
[INFO] ℹ️ [QualiaLogger] INFO: Loading configuration from multiple YAML files... {}
[INFO] ℹ️ [QualiaLogger] INFO: All configurations loaded successfully {}
[INFO] ℹ️ [QualiaLogger] INFO: Application Bootstrap: Initializing services... {}
[INFO] ℹ️ [QualiaLogger] INFO: ✅ [BOOTSTRAP] Service layer initialization completed successfully {}
[INFO] ℹ️ [QualiaLogger] INFO: 🚀 [EventBus] EventBus initialized via InversifyJS {}
[INFO] ℹ️ [QualiaLogger] INFO: GameStateStoreService constructed. Awaiting store setter. {}
[INFO] ℹ️ [QualiaLogger] INFO: Zustand store setter has been provided to GameStateStoreService. {}
[INFO] ℹ️ [QualiaLogger] INFO: ✅ [BOOTSTRAP] UI-Service bridge established successfully {}
[INFO] ℹ️ [QualiaLogger] INFO: PerformanceService initialized with performance abstraction {}
[INFO] ℹ️ [QualiaLogger] INFO: BackendSyncService initialized - configuration will be loaded on demand {}
[INFO] ℹ️ [QualiaLogger] INFO: 🎮 [GameController] Service initialized {}
[INFO] ℹ️ [QualiaLogger] INFO: RhythmicMovementController initialized successfully {}
[INFO] ℹ️ [QualiaLogger] INFO: 🔧 [NotificationService] Service initialized - configuration will be loaded in start() {}
[INFO] ℹ️ [QualiaLogger] INFO: 🔧 [ErrorReportingService] Service initialized - configuration will be loaded in start() {}
[INFO] ℹ️ [QualiaLogger] INFO: 🔧 [DebugService] Service initialized with AI debugging capabilities and pure DI {}
[INFO] ℹ️ [QualiaLogger] INFO: WebSocketService initialized {}
[INFO] ℹ️ [QualiaLogger] INFO: StateStreamingService initialized {connectionUrl: ws://127.0.0.1:8000/ws/video_stream, maxReconnectAttempts: 10}
[INFO] ℹ️ [QualiaLogger] INFO: ApplicationInitializerService constructed - awaiting start() {}
[INFO] ℹ️ [QualiaLogger] INFO: Application Bootstrap: Starting application... {}
[INFO] ℹ️ [QualiaLogger] INFO: 🚀 Starting application initialization sequence... {}
[INFO] ℹ️ [QualiaLogger] INFO: ✅ Configuration loaded successfully {}
[INFO] ℹ️ [QualiaLogger] INFO: HttpService configuration updated {previousTimeout: undefined, newTimeout: undefined}
[INFO] ℹ️ [QualiaLogger] INFO: ✅ HttpService configured with loaded settings {}
[INFO] ℹ️ [QualiaLogger] INFO: 🎧 [GameStateStoreService] Starting event listeners... {}
[INFO] ℹ️ [QualiaLogger] INFO: 🔗 [EventBus] Subscribe called for GameStateChanged {}
[INFO] ℹ️ [QualiaLogger] INFO: 🔗 [EventBus] Subscribed to GameStateChanged (ID: undefined_1759160301404_0.09713711173618578) - 0.20ms {}
[INFO] ℹ️ [QualiaLogger] INFO: 🔗 [EventBus] Subscribe called for QualiaStateUpdated {}
[INFO] ℹ️ [QualiaLogger] INFO: 🔗 [EventBus] Subscribed to QualiaStateUpdated (ID: undefined_1759160301405_0.8721914342320133) - 0.10ms {}
[INFO] ℹ️ [QualiaLogger] INFO: 🔗 [EventBus] Subscribe called for RhythmicDash {}
[INFO] ℹ️ [QualiaLogger] INFO: 🔗 [EventBus] Subscribed to RhythmicDash (ID: undefined_1759160301405_0.5268765992860489) - 0.10ms {}
[INFO] ℹ️ [QualiaLogger] INFO: ✅ [GameStateStoreService] Event listeners active {}
[INFO] ℹ️ [QualiaLogger] INFO: ✅ GameStateStoreService started and listening {}
[INFO] ℹ️ [QualiaLogger] INFO: ErrorReporting configuration loaded from YAML successfully {}
[INFO] ℹ️ [QualiaLogger] INFO: 🚀 [ErrorReportingService] Starting production error reporting... {}
[INFO] ℹ️ [QualiaLogger] INFO: 🔗 [EventBus] Subscribe called for Error {}
[INFO] ℹ️ [QualiaLogger] INFO: 🔗 [EventBus] Subscribed to Error (ID: undefined_1759160301406_0.04261950557635963) - 0.10ms {}
[INFO] ℹ️ [QualiaLogger] INFO: 📡 [ErrorReportingService] Subscribed to Error events {}
[INFO] ℹ️ [QualiaLogger] INFO: 🚀 [ErrorReportingService] Service started - Production error handling active {}
[INFO] ℹ️ [QualiaLogger] INFO: 📊 [ErrorReportingService] Current Configuration: {enabled: true, maxBatchSize: 50, batchFlushInterval: 30000ms, maxRetries: 3, retryDelay: 1000ms}
[INFO] ℹ️ [QualiaLogger] INFO: DebugService configuration loaded successfully. {}
[INFO] ℹ️ [QualiaLogger] INFO: 📊 [DebugService] Current Configuration: {maxSessionHistory: 10, maxEventHistory: 500, performanceMonitoringInterval: 5000ms, aiAnalysisInterval: 30000ms, enableAIAnalysis: true}
[INFO] ℹ️ [QualiaLogger] INFO: 🚀 [DebugService] Starting AI debugging service... {}
[INFO] ℹ️ [QualiaLogger] INFO: 🔍 [DebugService] Started new debug session: debug_session_1759160301407_ztjd8s3t {}
[INFO] ℹ️ [QualiaLogger] INFO: 🔗 [EventBus] Subscribe called for * {}
[INFO] ℹ️ [QualiaLogger] INFO: 🔗 [EventBus] Subscribed to * (ID: undefined_1759160301408_0.9921501919995014) - 0.10ms {}
[INFO] ℹ️ [QualiaLogger] INFO: 📡 [DebugService] Subscribed to all event types {}
[INFO] ℹ️ [QualiaLogger] INFO: 🚀 [DebugService] Service started - AI debugging active {}
[INFO] ℹ️ [QualiaLogger] INFO: NotificationService configuration loaded from YAML successfully {}
[INFO] ℹ️ [QualiaLogger] INFO: 🚀 [NotificationService] Starting notification processing... {}
[INFO] ℹ️ [QualiaLogger] INFO: 🔗 [EventBus] Subscribe called for Error {}
[INFO] ℹ️ [QualiaLogger] INFO: 🔗 [EventBus] Subscribed to Error (ID: undefined_1759160301409_0.45391934711502924) - 0.10ms {}
[INFO] ℹ️ [QualiaLogger] INFO: 🔗 [EventBus] Subscribe called for GameStateChanged {}
[INFO] ℹ️ [QualiaLogger] INFO: 🔗 [EventBus] Subscribed to GameStateChanged (ID: undefined_1759160301409_0.058024230914107244) - 0.10ms {}
[INFO] ℹ️ [QualiaLogger] INFO: 🔗 [EventBus] Subscribe called for QualiaStateUpdated {}
[INFO] ℹ️ [QualiaLogger] INFO: 🔗 [EventBus] Subscribed to QualiaStateUpdated (ID: undefined_1759160301409_0.12543467942102016) - 0.10ms {}
[INFO] ℹ️ [QualiaLogger] INFO: 🔗 [EventBus] Subscribe called for BackendSync {}
[INFO] ℹ️ [QualiaLogger] INFO: 🔗 [EventBus] Subscribed to BackendSync (ID: undefined_1759160301410_0.050589935020415866) - 0.20ms {}
[INFO] ℹ️ [QualiaLogger] INFO: 📡 [NotificationService] Subscribed to notification events {}
[INFO] ℹ️ [QualiaLogger] INFO: NotificationService started {}
[INFO] ℹ️ [QualiaLogger] INFO: ✅ Transversal services (ErrorReporting, Debug, Notification) started {}
[INFO] ℹ️ [QualiaLogger] INFO: StateStreamingService started and EventBus injected. {}
[INFO] ℹ️ [QualiaLogger] INFO: State streaming service started {}
[INFO] ℹ️ [QualiaLogger] INFO: 🚀 [GameController] Starting service... {}
[INFO] ℹ️ [QualiaLogger] INFO: 🔗 [EventBus] Subscribe called for PlayerAction {}
[INFO] ℹ️ [QualiaLogger] INFO: 🔗 [EventBus] Subscribed to PlayerAction (ID: undefined_1759160301411_0.9657441209203426) - 0.10ms {}
[INFO] ℹ️ [QualiaLogger] INFO: 🔗 [EventBus] Subscribe called for GameStateChanged {}
[INFO] ℹ️ [QualiaLogger] INFO: 🔗 [EventBus] Subscribed to GameStateChanged (ID: undefined_1759160301411_0.4044655097005081) - 0.10ms {}
[INFO] ℹ️ [QualiaLogger] INFO: ✅ [GameController] Events subscribed successfully {}
[INFO] ℹ️ [QualiaLogger] INFO: 🎮 [GameController] Service started successfully - 0.90ms {}
[INFO] ℹ️ [QualiaLogger] INFO: ✅ GameControllerService started and ready {}
[INFO] ℹ️ [QualiaLogger] INFO: 🔗 [EventBus] Subscribe called for PlayerInput {}
[INFO] ℹ️ [QualiaLogger] INFO: 🔗 [EventBus] Subscribed to PlayerInput (ID: undefined_1759160301412_0.912354287284474) - 0.20ms {}
[INFO] ℹ️ [QualiaLogger] INFO: 🔗 [EventBus] Subscribe called for GameStateChanged {}
[INFO] ℹ️ [QualiaLogger] INFO: 🔗 [EventBus] Subscribed to GameStateChanged (ID: undefined_1759160301412_0.03350395268525075) - 0.10ms {}
[INFO] ℹ️ [QualiaLogger] INFO: RhythmicMovementController started successfully {}
[INFO] ℹ️ [QualiaLogger] INFO: ✅ RhythmicMovementController started and ready {}
[INFO] ℹ️ [QualiaLogger] INFO: 🚀 [BackendSync] Starting service... {}
[INFO] ℹ️ [QualiaLogger] INFO: 🔗 [EventBus] Subscribe called for QualiaStateUpdated {}
[INFO] ℹ️ [QualiaLogger] INFO: 🔗 [EventBus] Subscribed to QualiaStateUpdated (ID: undefined_1759160301413_0.3584267770676208) - 0.20ms {}
[INFO] ℹ️ [QualiaLogger] INFO: 📡 [BackendSync] Subscribed to events {}
[INFO] ℹ️ [QualiaLogger] INFO: ✅ [BackendSync] Service started successfully {}
[INFO] ℹ️ [QualiaLogger] INFO: undefined {backendConnected: false}
[INFO] ℹ️ [QualiaLogger] INFO: ✅ [BOOTSTRAP] Application startup completed successfully {}
[INFO] ℹ️ [QualiaLogger] INFO: FrontendRenderingService initialized {}
[INFO] ℹ️ [QualiaLogger] INFO: BrowserEventsService initialized {}
[INFO] ℹ️ [QualiaLogger] INFO: Initializing FrontendRenderingService {}
[INFO] ℹ️ [QualiaLogger] INFO: WebSocket disconnected and cleaned up {}
[INFO] ℹ️ [QualiaLogger] INFO: FrontendRenderingService initialized successfully {}
[INFO] ℹ️ [QualiaLogger] INFO: Disconnected from state stream {}
[INFO] ℹ️ [QualiaLogger] INFO: FrontendRenderingService started {}
[INFO] ℹ️ [QualiaLogger] INFO: WebSocket connection initiated {url: ws://127.0.0.1:8000/ws/video_stream}
[WARNING] [GroupMarkerNotSet(crbug.com/242999)!:A0F02200740F0000]Automatic fallback to software WebGL has been deprecated. Please use the --enable-unsafe-swiftshader (about:flags#enable-unsafe-swiftshader) flag to opt in to lower security guarantees for trusted content.
[WARNING] [.WebGL-0x38d4000ea300]GL Driver Message (OpenGL, Performance, GL_CLOSE_PATH_NV, High): GPU stall due to ReadPixels
[INFO] ℹ️ [QualiaLogger] INFO: WebSocket connection opened {}
[INFO] ℹ️ [QualiaLogger] INFO: Connected to state stream {connectionTime: 1759160302495}
[INFO] ℹ️ [QualiaLogger] INFO: Initiating WebSocket connection to state stream {url: ws://127.0.0.1:8000/ws/video_stream}
[INFO] ℹ️ [QualiaLogger] INFO: FrontendRenderer initialized and connected to state stream {}
[WARNING] [.WebGL-0x38d4000ea300]GL Driver Message (OpenGL, Performance, GL_CLOSE_PATH_NV, High): GPU stall due to ReadPixels
✅ Main menu loaded successfully
📸 Capturing main menu state (Screenshot + DOM)...
[WARNING] [.WebGL-0x38d4000ea300]GL Driver Message (OpenGL, Performance, GL_CLOSE_PATH_NV, High): GPU stall due to ReadPixels
[WARNING] [.WebGL-0x38d4000ea300]GL Driver Message (OpenGL, Performance, GL_CLOSE_PATH_NV, High): GPU stall due to ReadPixels (this message will no longer repeat)
[LOG] === RACE CONDITION TEST RESULTS ===
[LOG] ✅ NO CONFIGURATION ERRORS DETECTED
[LOG] ✅ NO SERVICE INITIALIZATION ERRORS DETECTED
[LOG] === TEST COMPLETE ===
📊 Main menu state captured.
🚀 Clicking "INITIATE NEURAL SYNC" button...
[INFO] ℹ️ [QualiaLogger] INFO: 📢 [EventBus] Emitting PlayerAction to 1 listeners {}
[INFO] ℹ️ [QualiaLogger] INFO: 🎮 [GameController] Handling PlayerAction: StartGame {}
[INFO] ℹ️ [QualiaLogger] INFO: 🎮 [GameController] Starting game {}
[INFO] ℹ️ [QualiaLogger] INFO: 📢 [EventBus] Emitting GameStateChanged to 4 listeners {}
[INFO] ℹ️ [QualiaLogger] INFO: 🎮 [GameStateStoreService] Processing GameStateChanged: {newState: Playing}
[INFO] ℹ️ [QualiaLogger] INFO: Showing notification {notificationId: notification_1759160304849_a848otfb, type: info, priority: normal, message: Game state changed to: Playing, timestamp: Mon Sep 29 2025 17:38:24 GMT+0200 (hora de verano de Europa central)}
[INFO] ℹ️ [QualiaLogger] INFO: 📢 [NotificationService] Notification displayed {id: notification_1759160304849_a848otfb, type: info, message: Game state changed to: Playing}
[INFO] ℹ️ [QualiaLogger] INFO: ⏰ [GameController] Starting game clock {}
[INFO] ℹ️ [QualiaLogger] INFO: 🔗 [EventBus] Subscribe called for RhythmicDash {}
[INFO] ℹ️ [QualiaLogger] INFO: 🔗 [EventBus] Subscribed to RhythmicDash (ID: undefined_1759160304895_0.07087661744339346) - 0.40ms {}
[INFO] ℹ️ [QualiaLogger] INFO: 🔗 [EventBus] Subscribe called for MetronomeTick {}
[INFO] ℹ️ [QualiaLogger] INFO: 🔗 [EventBus] Subscribed to MetronomeTick (ID: undefined_1759160304895_0.4314453848075136) - 0.20ms {}
[INFO] ℹ️ [QualiaLogger] INFO: 🔌 [EventBus] Unsubscribe called for ID: undefined_1759160304895_0.07087661744339346 {}
[INFO] ℹ️ [QualiaLogger] INFO: 🔌 [EventBus] Unsubscribed from RhythmicDash (ID: undefined_1759160304895_0.07087661744339346) {}
[INFO] ℹ️ [QualiaLogger] INFO: 🔌 [EventBus] Unsubscribe called for ID: undefined_1759160304895_0.4314453848075136 {}
[INFO] ℹ️ [QualiaLogger] INFO: 🔌 [EventBus] Unsubscribed from MetronomeTick (ID: undefined_1759160304895_0.4314453848075136) {}
[INFO] ℹ️ [QualiaLogger] INFO: 🔗 [EventBus] Subscribe called for RhythmicDash {}
[INFO] ℹ️ [QualiaLogger] INFO: 🔗 [EventBus] Subscribed to RhythmicDash (ID: undefined_1759160304897_0.8729589745304288) - 0.20ms {}
[INFO] ℹ️ [QualiaLogger] INFO: 🔗 [EventBus] Subscribe called for MetronomeTick {}
[INFO] ℹ️ [QualiaLogger] INFO: 🔗 [EventBus] Subscribed to MetronomeTick (ID: undefined_1759160304897_0.16547663292656023) - 0.10ms {}
[INFO] ℹ️ [QualiaLogger] INFO: 📢 [EventBus] Emit completed for GameStateChanged - 49.70ms {}
[INFO] ℹ️ [QualiaLogger] INFO: 📢 [EventBus] Emit completed for PlayerAction - 51.50ms {}
[INFO] ℹ️ [QualiaLogger] INFO: 📢 [EventBus] Emitting MetronomeTick to 1 listeners {}
[INFO] ℹ️ [QualiaLogger] INFO: 📢 [EventBus] Emit completed for MetronomeTick - 0.50ms {}
⏳ Waiting for game transition...
[INFO] ℹ️ [QualiaLogger] INFO: 📢 [EventBus] Emitting MetronomeTick to 1 listeners {}
[INFO] ℹ️ [QualiaLogger] INFO: 📢 [EventBus] Emit completed for MetronomeTick - 0.30ms {}
[WARNING] [GroupMarkerNotSet(crbug.com/242999)!:A0502300740F0000]Automatic fallback to software WebGL has been deprecated. Please use the --enable-unsafe-swiftshader (about:flags#enable-unsafe-swiftshader) flag to opt in to lower security guarantees for trusted content.
📸 Capturing game view state (Screenshot + DOM)...
[INFO] ℹ️ [QualiaLogger] INFO: 📢 [EventBus] Emitting MetronomeTick to 1 listeners {}
[INFO] ℹ️ [QualiaLogger] INFO: 📢 [EventBus] Emit completed for MetronomeTick - 0.30ms {}
[INFO] ℹ️ [QualiaLogger] INFO: 📢 [EventBus] Emitting MetronomeTick to 1 listeners {}
[INFO] ℹ️ [QualiaLogger] INFO: 📢 [EventBus] Emit completed for MetronomeTick - 0.30ms {}
[INFO] ℹ️ [QualiaLogger] INFO: 📢 [EventBus] Emitting MetronomeTick to 1 listeners {}
[INFO] ℹ️ [QualiaLogger] INFO: 📢 [EventBus] Emit completed for MetronomeTick - 0.30ms {}
[INFO] ℹ️ [QualiaLogger] INFO: 📢 [EventBus] Emitting MetronomeTick to 1 listeners {}
[INFO] ℹ️ [QualiaLogger] INFO: 📢 [EventBus] Emit completed for MetronomeTick - 0.30ms {}
[ERROR] 🚨 [QualiaLogger] ERROR: Failed to parse WebSocket message {error: SyntaxError: "undefined" is not valid JSON
    at JSON.parse (<anonymous>)
    at StateStreamingSer…, data: undefined}
[INFO] ℹ️ [QualiaLogger] INFO: 📢 [EventBus] Emitting MetronomeTick to 1 listeners {}
[INFO] ℹ️ [QualiaLogger] INFO: 📢 [EventBus] Emit completed for MetronomeTick - 0.30ms {}
[INFO] ℹ️ [QualiaLogger] INFO: 📢 [EventBus] Emitting MetronomeTick to 1 listeners {}
[INFO] ℹ️ [QualiaLogger] INFO: 📢 [EventBus] Emit completed for MetronomeTick - 0.30ms {}
[INFO] ℹ️ [QualiaLogger] INFO: 📢 [EventBus] Emitting MetronomeTick to 1 listeners {}
[INFO] ℹ️ [QualiaLogger] INFO: 📢 [EventBus] Emit completed for MetronomeTick - 1.20ms {}
[INFO] ℹ️ [QualiaLogger] INFO: 📢 [EventBus] Emitting MetronomeTick to 1 listeners {}
[INFO] ℹ️ [QualiaLogger] INFO: 📢 [EventBus] Emit completed for MetronomeTick - 0.30ms {}
📊 Game view state captured.
🎮 Testing character movement (W + D keys)...
Forzando foco en el canvas
[INFO] ℹ️ [QualiaLogger] INFO: 📢 [EventBus] Emitting MetronomeTick to 1 listeners {}
[INFO] ℹ️ [QualiaLogger] INFO: 📢 [EventBus] Emit completed for MetronomeTick - 0.30ms {}
[INFO] ℹ️ [QualiaLogger] INFO: 📢 [EventBus] Emitting MetronomeTick to 1 listeners {}
[INFO] ℹ️ [QualiaLogger] INFO: 📢 [EventBus] Emit completed for MetronomeTick - 0.30ms {}
[INFO] ℹ️ [QualiaLogger] INFO: 📢 [EventBus] Emitting MetronomeTick to 1 listeners {}
[INFO] ℹ️ [QualiaLogger] INFO: 📢 [EventBus] Emit completed for MetronomeTick - 0.20ms {}
[INFO] ℹ️ [QualiaLogger] INFO: 📢 [EventBus] Emitting MetronomeTick to 1 listeners {}
[INFO] ℹ️ [QualiaLogger] INFO: 📢 [EventBus] Emit completed for MetronomeTick - 0.20ms {}
Foco en canvas establecido
[INFO] ℹ️ [QualiaLogger] INFO: 📢 [EventBus] Emitting MetronomeTick to 1 listeners {}
[INFO] ℹ️ [QualiaLogger] INFO: 📢 [EventBus] Emit completed for MetronomeTick - 0.20ms {}
❌❌❌ BROWSER TEST FAILED: page.waitForTimeout: Target page, context or browser has been closed
Page not available, cannot capture failure state.
📊 Failure report generated.
Closing browser if it exists...
