INFO:     Started server process [25687]
INFO:     Waiting for application startup.
2025-09-30 07:19:06,206 - backend.CompositionRoot - INFO - → ENTER backend.CompositionRoot.CompositionRoot.initialize
2025-09-30 07:19:06,206 - backend.CompositionRoot - INFO - ← EXIT backend.CompositionRoot.CompositionRoot.initialize (⏱️ 0.000s)
2025-09-30 07:19:06,206 - backend.CompositionRoot - INFO - 🚀 Initializing QUALIA.CODE CompositionRoot...
2025-09-30 07:19:06,509 - backend.CompositionRoot - INFO - ✅ Created shared EGL OpenGL context
2025-09-30 07:19:06,518 - backend.services.SecurityService - INFO - SecurityService initialized with auth_enabled=False
2025-09-30 07:19:06,604 - backend.engine.qualia_particle_engine - INFO - → ENTER backend.engine.qualia_particle_engine.QualiaParticleEngine._initialize_shader
2025-09-30 07:19:06,605 - backend.engine.qualia_particle_engine - INFO - 🔧 Compiling and linking GLSL shaders...
2025-09-30 07:19:06,605 - backend.engine.qualia_particle_engine - INFO - 🔍 Shader introspection complete: 1 uniforms, format: f
2025-09-30 07:19:06,609 - backend.engine.qualia_particle_engine - INFO - ✅ Shaders compiled and linked successfully.
2025-09-30 07:19:06,609 - backend.engine.qualia_particle_engine - INFO - 🔍 Detected uniforms in shader program: []
2025-09-30 07:19:06,610 - backend.engine.qualia_particle_engine - INFO - ← EXIT backend.engine.qualia_particle_engine.QualiaParticleEngine._initialize_shader (⏱️ 0.005s)
2025-09-30 07:19:06,610 - backend.engine.qualia_particle_engine - INFO - QualiaParticleEngine initialized (max_particles=10000)
2025-09-30 07:19:06,610 - backend.engine.qualia_particle_engine - INFO - → ENTER backend.engine.qualia_particle_engine.QualiaParticleEngine.start
2025-09-30 07:19:06,611 - backend.engine.qualia_particle_engine - INFO - 🎆 QualiaParticleEngine started and waiting for System.ResourcesReady event
2025-09-30 07:19:06,611 - backend.engine.qualia_particle_engine - INFO - ← EXIT backend.engine.qualia_particle_engine.QualiaParticleEngine.start (⏱️ 0.001s)
2025-09-30 07:19:06,626 - backend.services.RenderingService - INFO - ✅ RenderingService graphics resources initialized
2025-09-30 07:19:06,634 - backend.CompositionRoot - INFO - ✅ CompositionRoot initialization complete
2025-09-30 07:19:06,635 - backend.api.routes - INFO - ✅ QUALIA.CODE services initialized successfully on startup
2025-09-30 07:19:06,635 - backend.services.EventBus - INFO - 📢 Publishing event: System.ResourcesReady from RenderingService
INFO:     Application startup complete.
2025-09-30 07:19:06,637 - backend.engine.qualia_particle_engine - INFO - → ENTER backend.engine.qualia_particle_engine.QualiaParticleEngine._on_resources_ready
2025-09-30 07:19:06,638 - backend.engine.qualia_particle_engine - INFO - 📡 Received System.ResourcesReady event. Initializing particle buffers...
2025-09-30 07:19:06,638 - backend.engine.qualia_particle_engine - INFO - → ENTER backend.engine.qualia_particle_engine.QualiaParticleEngine.initialize_buffers
2025-09-30 07:19:06,658 - backend.engine.qualia_particle_engine - INFO - ✅ Ping-pong particle buffers initialized: 10000 particles
2025-09-30 07:19:06,658 - backend.engine.qualia_particle_engine - INFO - ✅ ForceFieldsBuffer initialized with 16 force fields
2025-09-30 07:19:06,658 - backend.engine.qualia_particle_engine - INFO - ← EXIT backend.engine.qualia_particle_engine.QualiaParticleEngine.initialize_buffers (⏱️ 0.020s)
2025-09-30 07:19:06,658 - backend.engine.qualia_particle_engine - INFO - ✅ Particle buffers initialized successfully.
2025-09-30 07:19:06,658 - backend.engine.qualia_particle_engine - INFO - → ENTER backend.engine.qualia_particle_engine.QualiaParticleEngine._start_autonomous_simulation
2025-09-30 07:19:06,658 - backend.engine.qualia_particle_engine - INFO - 🎯 Started autonomous simulation loop at 60.0fps
2025-09-30 07:19:06,658 - backend.engine.qualia_particle_engine - INFO - ← EXIT backend.engine.qualia_particle_engine.QualiaParticleEngine._start_autonomous_simulation (⏱️ 0.000s)
2025-09-30 07:19:06,658 - backend.engine.qualia_particle_engine - INFO - ← EXIT backend.engine.qualia_particle_engine.QualiaParticleEngine._on_resources_ready (⏱️ 0.021s)
2025-09-30 07:19:06,658 - backend.services.StreamingWebService - INFO - → ENTER backend.services.StreamingWebService.StreamingWebService._on_resources_ready
2025-09-30 07:19:06,658 - backend.services.StreamingWebService - INFO - 📡 Received System.ResourcesReady event - resources are now available for streaming
2025-09-30 07:19:06,659 - backend.services.StreamingWebService - INFO - ← EXIT backend.services.StreamingWebService.StreamingWebService._on_resources_ready (⏱️ 0.000s)
2025-09-30 07:19:06,661 - backend.services.RenderingService - INFO - 📡 Emitted System.ResourcesReady event
INFO:     Uvicorn running on http://127.0.0.1:8000 (Press CTRL+C to quit)
🎵 Starting Qualia Tempo Visual Engine (QUALIA.CODE v1.0)...
🔥 Backend ready to receive rhythm data from frontend
🌟 Visual effects generated via EventBus architecture

Backend running on: http://127.0.0.1:8000
API Documentation: http://127.0.0.1:8000/docs
Architecture: IoC + EventBus + Dependency Injection

INFO:     127.0.0.1:42816 - "GET /health HTTP/1.1" 200 OK
2025-09-30 07:19:15,144 - backend.api.routes - INFO - 🔌 WebSocket connection attempt to /ws/video_stream
2025-09-30 07:19:15,144 - backend.services.SecurityService - INFO - → ENTER backend.services.SecurityService.SecurityService.verify_connection
2025-09-30 07:19:15,144 - backend.services.SecurityService - INFO - ← EXIT backend.services.SecurityService.SecurityService.verify_connection (⏱️ 0.000s)
2025-09-30 07:19:15,145 - backend.services.SecurityService - INFO - Authentication disabled - allowing connection
2025-09-30 07:19:15,145 - backend.api.routes - INFO - ✅ Authentication successful for video stream: {'user': 'anonymous', 'auth_disabled': True}
INFO:     ('127.0.0.1', 34348) - "WebSocket /ws/video_stream" [accepted]
2025-09-30 07:19:15,145 - backend.api.routes - INFO - ✅ Video stream client connected
2025-09-30 07:19:15,145 - backend.services.StreamingWebService - INFO - → ENTER backend.services.StreamingWebService.StreamingWebService.handle_websocket_connection
2025-09-30 07:19:15,145 - backend.services.StreamingWebService - INFO - ← EXIT backend.services.StreamingWebService.StreamingWebService.handle_websocket_connection (⏱️ 0.000s)
2025-09-30 07:19:15,145 - backend.services.StreamingWebService - INFO - 🔗 Client added to streaming. Total connections: 1
2025-09-30 07:19:15,145 - backend.services.StreamingWebService - INFO - → ENTER backend.services.StreamingWebService.StreamingWebService._start_streaming
2025-09-30 07:19:15,145 - backend.services.StreamingWebService - INFO - ← EXIT backend.services.StreamingWebService.StreamingWebService._start_streaming (⏱️ 0.000s)
2025-09-30 07:19:15,146 - backend.services.StreamingWebService - INFO - → ENTER backend.services.StreamingWebService.StreamingWebService._stop_streaming
2025-09-30 07:19:15,146 - backend.services.StreamingWebService - INFO - ← EXIT backend.services.StreamingWebService.StreamingWebService._stop_streaming (⏱️ 0.000s)
2025-09-30 07:19:15,146 - backend.services.StreamingWebService - INFO - Streaming is already stopped.
2025-09-30 07:19:15,146 - backend.services.StreamingWebService - INFO - 🚀 Started new video streaming task: 136785685343552
INFO:     connection open
2025-09-30 07:19:15,147 - backend.services.RenderingService - INFO - → ENTER backend.services.RenderingService.RenderingService.is_healthy
2025-09-30 07:19:15,147 - backend.services.RenderingService - INFO - ← EXIT backend.services.RenderingService.RenderingService.is_healthy (⏱️ 0.000s)
2025-09-30 07:19:33,831 - backend.services.StreamingWebService - INFO - 🔌 Client disconnected during broadcast. Total connections: 0
2025-09-30 07:19:33,831 - backend.services.StreamingWebService - INFO - → ENTER backend.services.StreamingWebService.StreamingWebService._stop_streaming
2025-09-30 07:19:33,831 - backend.services.StreamingWebService - INFO - ← EXIT backend.services.StreamingWebService.StreamingWebService._stop_streaming (⏱️ 0.000s)
2025-09-30 07:19:33,831 - backend.services.StreamingWebService - INFO - Attempting to cancel streaming task: 136785685343552
INFO:     Shutting down
2025-09-30 07:19:33,832 - backend.services.StreamingWebService - INFO - Streaming task 136785685343552 confirmed cancelled.
2025-09-30 07:19:33,832 - backend.services.StreamingWebService - INFO - 🛑 Streaming loop terminated
2025-09-30 07:19:33,833 - backend.services.StreamingWebService - INFO - 🔌 WebSocket connection handled and cleaned up
INFO:     connection closed
INFO:     Waiting for application shutdown.
2025-09-30 07:19:33,933 - backend.api.routes - INFO - 🚨 Shutting down QUALIA.CODE services...
2025-09-30 07:19:33,933 - backend.CompositionRoot - INFO - → ENTER backend.CompositionRoot.CompositionRoot.shutdown
2025-09-30 07:19:33,933 - backend.CompositionRoot - INFO - ← EXIT backend.CompositionRoot.CompositionRoot.shutdown (⏱️ 0.000s)
2025-09-30 07:19:33,934 - backend.CompositionRoot - INFO - 🔌 Gracefully shutting down QUALIA.CODE services...
2025-09-30 07:19:33,934 - backend.CompositionRoot - INFO - 🛑 Shutting down rendering_service...
2025-09-30 07:19:33,934 - backend.services.RenderingService - INFO - → ENTER backend.services.RenderingService.RenderingService.shutdown
2025-09-30 07:19:33,934 - backend.services.RenderingService - INFO - RenderingService shutdown complete
2025-09-30 07:19:33,934 - backend.services.RenderingService - INFO - ← EXIT backend.services.RenderingService.RenderingService.shutdown (⏱️ 0.000s)
2025-09-30 07:19:33,934 - backend.CompositionRoot - CRITICAL - ✅ rendering_service TERMINATED.
2025-09-30 07:19:33,934 - backend.CompositionRoot - INFO - 🛑 Shutting down streaming_web_service...
2025-09-30 07:19:33,934 - backend.services.StreamingWebService - INFO - → ENTER backend.services.StreamingWebService.StreamingWebService.shutdown
2025-09-30 07:19:33,934 - backend.services.StreamingWebService - INFO - ← EXIT backend.services.StreamingWebService.StreamingWebService.shutdown (⏱️ 0.000s)
2025-09-30 07:19:33,934 - backend.services.StreamingWebService - INFO - Shutting down StreamingWebService...
2025-09-30 07:19:33,934 - backend.services.StreamingWebService - INFO - → ENTER backend.services.StreamingWebService.StreamingWebService._stop_streaming
2025-09-30 07:19:33,934 - backend.services.StreamingWebService - INFO - ← EXIT backend.services.StreamingWebService.StreamingWebService._stop_streaming (⏱️ 0.000s)
2025-09-30 07:19:33,934 - backend.services.StreamingWebService - INFO - Streaming is already stopped.
2025-09-30 07:19:33,934 - backend.services.StreamingWebService - INFO - ✅ StreamingWebService shutdown complete.
2025-09-30 07:19:33,934 - backend.CompositionRoot - CRITICAL - ✅ streaming_web_service TERMINATED.
2025-09-30 07:19:33,934 - backend.CompositionRoot - INFO - 🛑 Shutting down qualia_processor...
2025-09-30 07:19:33,934 - backend.services.QualiaProcessor - INFO - 🛑 Shutting down QualiaProcessor...
2025-09-30 07:19:33,934 - backend.CompositionRoot - CRITICAL - ✅ qualia_processor TERMINATED.
2025-09-30 07:19:33,935 - backend.CompositionRoot - INFO - 🛑 Shutting down particle_system...
2025-09-30 07:19:33,935 - backend.engine.qualia_particle_engine - INFO - → ENTER backend.engine.qualia_particle_engine.QualiaParticleEngine.shutdown
2025-09-30 07:19:33,935 - backend.engine.qualia_particle_engine - INFO - ← EXIT backend.engine.qualia_particle_engine.QualiaParticleEngine.shutdown (⏱️ 0.000s)
2025-09-30 07:19:33,935 - backend.engine.qualia_particle_engine - INFO - → ENTER backend.engine.qualia_particle_engine.QualiaParticleEngine._stop_autonomous_simulation
2025-09-30 07:19:33,935 - backend.engine.qualia_particle_engine - INFO - ← EXIT backend.engine.qualia_particle_engine.QualiaParticleEngine._stop_autonomous_simulation (⏱️ 0.000s)
2025-09-30 07:19:33,935 - backend.engine.qualia_particle_engine - INFO - 🛑 Autonomous simulation loop cancelled
2025-09-30 07:19:33,935 - backend.engine.qualia_particle_engine - INFO - 🛑 Autonomous simulation loop terminated
2025-09-30 07:19:33,935 - backend.engine.qualia_particle_engine - INFO - ✅ Autonomous simulation loop cancelled
2025-09-30 07:19:33,935 - backend.engine.qualia_particle_engine - INFO - ✅ QualiaParticleEngine shutdown complete
2025-09-30 07:19:33,935 - backend.CompositionRoot - CRITICAL - ✅ particle_system TERMINATED.
2025-09-30 07:19:33,935 - backend.CompositionRoot - CRITICAL - 💀 ALL SERVICES TERMINATED. CompositionRoot shutdown is complete.
2025-09-30 07:19:33,935 - backend.api.routes - INFO - ✅ All services terminated gracefully.
INFO:     Application shutdown complete.
INFO:     Finished server process [25687]
