🌐 Starting comprehensive browser test...
📡 Navigating to http://localhost:5173...
[LOG] === RACE CONDITION TEST SCRIPT LOADED ===
[DEBUG] [vite] connecting...
[DEBUG] [vite] connected.
[INFO] %cDownload the React DevTools for a better development experience: https://reactjs.org/link/react-devtools font-weight:bold
[LOG] %c * Tone.js v14.9.17 *  background: #000; color: #fff
[WARNING] The AudioContext was not allowed to start. It must be resumed (or created) after a user gesture on the page. https://developer.chrome.com/blog/autoplay/#web_audio
[WARNING] The AudioContext was not allowed to start. It must be resumed (or created) after a user gesture on the page. https://developer.chrome.com/blog/autoplay/#web_audio
⏳ Waiting for main menu to load...
[INFO] ℹ️ [QualiaLogger] INFO: Loading configuration from multiple YAML files... {}
[INFO] ℹ️ [QualiaLogger] INFO: All configurations loaded successfully {}
[INFO] ℹ️ [QualiaLogger] INFO: Application Bootstrap: Initializing services... {}
[INFO] ℹ️ [QualiaLogger] INFO: ✅ [BOOTSTRAP] Service layer initialization completed successfully {}
[INFO] ℹ️ [QualiaLogger] INFO: TimerService initialized with timer abstraction {}
[INFO] ℹ️ [QualiaLogger] INFO: 🚀 [EventBus] EventBus initialized via InversifyJS {}
[INFO] ℹ️ [QualiaLogger] INFO: GameStateStoreService constructed. Awaiting store setter. {}
[INFO] ℹ️ [QualiaLogger] INFO: Zustand store setter has been provided to GameStateStoreService. {}
[INFO] ℹ️ [QualiaLogger] INFO: ✅ [BOOTSTRAP] UI-Service bridge established successfully {}
[INFO] ℹ️ [QualiaLogger] INFO: HttpService initialized with fetch abstraction {defaultTimeout: undefined}
[INFO] ℹ️ [QualiaLogger] INFO: PerformanceService initialized with performance abstraction {}
[INFO] ℹ️ [QualiaLogger] INFO: BackendSyncService initialized - configuration will be loaded on demand {}
[INFO] ℹ️ [QualiaLogger] INFO: 🎮 [GameController] Service initialized {}
[INFO] ℹ️ [QualiaLogger] INFO: RhythmicMovementController initialized successfully {}
[INFO] ℹ️ [QualiaLogger] INFO: 🔧 [NotificationService] Service initialized - configuration will be loaded in start() {}
[INFO] ℹ️ [QualiaLogger] INFO: 🔧 [ErrorReportingService] Service initialized - configuration will be loaded in start() {}
[INFO] ℹ️ [QualiaLogger] INFO: 🔧 [DebugService] Service initialized with AI debugging capabilities and pure DI {}
[INFO] ℹ️ [QualiaLogger] INFO: WebSocketService initialized {}
[INFO] ℹ️ [QualiaLogger] INFO: StateStreamingService initialized {connectionUrl: ws://127.0.0.1:8000/ws/video_stream, maxReconnectAttempts: 10}
[INFO] ℹ️ [QualiaLogger] INFO: ApplicationInitializerService constructed - awaiting start() {}
[INFO] ℹ️ [QualiaLogger] INFO: Application Bootstrap: Starting application... {}
[INFO] ℹ️ [QualiaLogger] INFO: 🚀 Starting application initialization sequence... {}
[INFO] ℹ️ [QualiaLogger] INFO: ✅ Configuration loaded successfully {}
[INFO] ℹ️ [QualiaLogger] INFO: 🎧 [GameStateStoreService] Starting event listeners... {}
[INFO] ℹ️ [QualiaLogger] INFO: 🔗 [EventBus] Subscribe called for GameStateChanged {}
[INFO] ℹ️ [QualiaLogger] INFO: 🔗 [EventBus] Subscribed to GameStateChanged (ID: undefined_1759209554983_0.6082208737834316) - 0.30ms {}
[INFO] ℹ️ [QualiaLogger] INFO: 🔗 [EventBus] Subscribe called for QualiaParticleDataReceived {}
[INFO] ℹ️ [QualiaLogger] INFO: 🔗 [EventBus] Subscribed to QualiaParticleDataReceived (ID: undefined_1759209554984_0.05841986954744405) - 0.10ms {}
[INFO] ℹ️ [QualiaLogger] INFO: 🔗 [EventBus] Subscribe called for RhythmicDash {}
[INFO] ℹ️ [QualiaLogger] INFO: 🔗 [EventBus] Subscribed to RhythmicDash (ID: undefined_1759209554984_0.5657354619261709) - 0.10ms {}
[INFO] ℹ️ [QualiaLogger] INFO: ✅ [GameStateStoreService] Event listeners active {}
[INFO] ℹ️ [QualiaLogger] INFO: ✅ GameStateStoreService started and listening {}
[INFO] ℹ️ [QualiaLogger] INFO: ErrorReporting configuration loaded from YAML successfully {}
[INFO] ℹ️ [QualiaLogger] INFO: 🚀 [ErrorReportingService] Starting production error reporting... {}
[INFO] ℹ️ [QualiaLogger] INFO: 🔗 [EventBus] Subscribe called for Error {}
[INFO] ℹ️ [QualiaLogger] INFO: 🔗 [EventBus] Subscribed to Error (ID: undefined_1759209554985_0.35430810068499197) - 0.20ms {}
[INFO] ℹ️ [QualiaLogger] INFO: 📡 [ErrorReportingService] Subscribed to Error events {}
[INFO] ℹ️ [QualiaLogger] INFO: 🚀 [ErrorReportingService] Service started - Production error handling active {}
[INFO] ℹ️ [QualiaLogger] INFO: 📊 [ErrorReportingService] Current Configuration: {enabled: true, maxBatchSize: 50, batchFlushInterval: 30000ms, maxRetries: 3, retryDelay: 1000ms}
[INFO] ℹ️ [QualiaLogger] INFO: DebugService configuration loaded successfully. {}
[INFO] ℹ️ [QualiaLogger] INFO: 📊 [DebugService] Current Configuration: {maxSessionHistory: 10, maxEventHistory: 500, performanceMonitoringInterval: 5000ms, aiAnalysisInterval: 30000ms, enableAIAnalysis: true}
[INFO] ℹ️ [QualiaLogger] INFO: 🚀 [DebugService] Starting AI debugging service... {}
[INFO] ℹ️ [QualiaLogger] INFO: 🔍 [DebugService] Started new debug session: debug_session_1759209554986_ztar8up6 {}
[INFO] ℹ️ [QualiaLogger] INFO: 🔗 [EventBus] Subscribe called for * {}
[INFO] ℹ️ [QualiaLogger] INFO: 🔗 [EventBus] Subscribed to * (ID: undefined_1759209554987_0.2446192030361295) - 0.10ms {}
[INFO] ℹ️ [QualiaLogger] INFO: 📡 [DebugService] Subscribed to all event types {}
[INFO] ℹ️ [QualiaLogger] INFO: 🚀 [DebugService] Service started - AI debugging active {}
[INFO] ℹ️ [QualiaLogger] INFO: NotificationService configuration loaded from YAML successfully {}
[INFO] ℹ️ [QualiaLogger] INFO: 🚀 [NotificationService] Starting notification processing... {}
[INFO] ℹ️ [QualiaLogger] INFO: 🔗 [EventBus] Subscribe called for Error {}
[INFO] ℹ️ [QualiaLogger] INFO: 🔗 [EventBus] Subscribed to Error (ID: undefined_1759209554988_0.8924907614861652) - 0.20ms {}
[INFO] ℹ️ [QualiaLogger] INFO: 🔗 [EventBus] Subscribe called for GameStateChanged {}
[INFO] ℹ️ [QualiaLogger] INFO: 🔗 [EventBus] Subscribed to GameStateChanged (ID: undefined_1759209554988_0.5639291157583459) - 0.10ms {}
[INFO] ℹ️ [QualiaLogger] INFO: 🔗 [EventBus] Subscribe called for QualiaStateCalculated {}
[INFO] ℹ️ [QualiaLogger] INFO: 🔗 [EventBus] Subscribed to QualiaStateCalculated (ID: undefined_1759209554989_0.10559635571468251) - 0.00ms {}
[INFO] ℹ️ [QualiaLogger] INFO: 🔗 [EventBus] Subscribe called for BackendSync {}
[INFO] ℹ️ [QualiaLogger] INFO: 🔗 [EventBus] Subscribed to BackendSync (ID: undefined_1759209554989_0.094258615494061) - 0.10ms {}
[INFO] ℹ️ [QualiaLogger] INFO: 📡 [NotificationService] Subscribed to notification events {}
[INFO] ℹ️ [QualiaLogger] INFO: NotificationService started {}
[INFO] ℹ️ [QualiaLogger] INFO: ✅ Transversal services (ErrorReporting, Debug, Notification) started {}
[INFO] ℹ️ [QualiaLogger] INFO: StateStreamingService started and EventBus injected. {}
[INFO] ℹ️ [QualiaLogger] INFO: State streaming service started {}
[INFO] ℹ️ [QualiaLogger] INFO: 🚀 [GameController] Starting service... {}
[INFO] ℹ️ [QualiaLogger] INFO: 🔗 [EventBus] Subscribe called for PlayerAction {}
[INFO] ℹ️ [QualiaLogger] INFO: 🔗 [EventBus] Subscribed to PlayerAction (ID: undefined_1759209554990_0.3506253189036447) - 0.20ms {}
[INFO] ℹ️ [QualiaLogger] INFO: 🔗 [EventBus] Subscribe called for GameStateChanged {}
[INFO] ℹ️ [QualiaLogger] INFO: 🔗 [EventBus] Subscribed to GameStateChanged (ID: undefined_1759209554990_0.1568006769666087) - 0.10ms {}
[INFO] ℹ️ [QualiaLogger] INFO: ✅ [GameController] Events subscribed successfully {}
[INFO] ℹ️ [QualiaLogger] INFO: 🎮 [GameController] Service started successfully - 0.80ms {}
[INFO] ℹ️ [QualiaLogger] INFO: ✅ GameControllerService started and ready {}
[INFO] ℹ️ [QualiaLogger] INFO: 🔗 [EventBus] Subscribe called for PlayerInput {}
[INFO] ℹ️ [QualiaLogger] INFO: 🔗 [EventBus] Subscribed to PlayerInput (ID: undefined_1759209554991_0.05721980299005036) - 0.20ms {}
[INFO] ℹ️ [QualiaLogger] INFO: 🔗 [EventBus] Subscribe called for PlayerDirectionInput {}
[INFO] ℹ️ [QualiaLogger] INFO: 🔗 [EventBus] Subscribed to PlayerDirectionInput (ID: undefined_1759209554991_0.9611729162545316) - 0.10ms {}
[INFO] ℹ️ [QualiaLogger] INFO: 🔗 [EventBus] Subscribe called for GameStateChanged {}
[INFO] ℹ️ [QualiaLogger] INFO: 🔗 [EventBus] Subscribed to GameStateChanged (ID: undefined_1759209554992_0.01252889429442483) - 0.10ms {}
[INFO] ℹ️ [QualiaLogger] INFO: RhythmicMovementController started successfully {}
[INFO] ℹ️ [QualiaLogger] INFO: ✅ RhythmicMovementController started and ready {}
[INFO] ℹ️ [QualiaLogger] INFO: 🚀 [BackendSync] Starting service... {}
[INFO] ℹ️ [QualiaLogger] INFO: 🔗 [EventBus] Subscribe called for QualiaStateCalculated {}
[INFO] ℹ️ [QualiaLogger] INFO: 🔗 [EventBus] Subscribed to QualiaStateCalculated (ID: undefined_1759209554992_0.5851134513286385) - 0.30ms {}
[INFO] ℹ️ [QualiaLogger] INFO: 📡 [BackendSync] Subscribed to events {}
[INFO] ℹ️ [QualiaLogger] INFO: ✅ [BackendSync] Service started successfully {}
[INFO] ℹ️ [QualiaLogger] INFO: 🎉 Application initialization sequence completed successfully! {initializationComplete: true, timestamp: null, duration: null, servicesStarted: Array(0), backendConnected: false}
[INFO] ℹ️ [QualiaLogger] INFO: ✅ [BOOTSTRAP] Application startup completed successfully {}
[INFO] ℹ️ [QualiaLogger] INFO: FrontendRenderingService initialized {}
[INFO] ℹ️ [QualiaLogger] INFO: BrowserEventsService initialized {}
[INFO] ℹ️ [QualiaLogger] INFO: Initializing FrontendRenderingService {}
[INFO] ℹ️ [QualiaLogger] INFO: WebSocket disconnected and cleaned up {}
[INFO] ℹ️ [QualiaLogger] INFO: FrontendRenderingService initialized successfully {}
[INFO] ℹ️ [QualiaLogger] INFO: Disconnected from state stream {}
[INFO] ℹ️ [QualiaLogger] INFO: FrontendRenderingService started {}
[INFO] ℹ️ [QualiaLogger] INFO: WebSocket connection initiated {url: ws://127.0.0.1:8000/ws/video_stream}
[WARNING] [GroupMarkerNotSet(crbug.com/242999)!:A0F022002C300000]Automatic fallback to software WebGL has been deprecated. Please use the --enable-unsafe-swiftshader (about:flags#enable-unsafe-swiftshader) flag to opt in to lower security guarantees for trusted content.
[WARNING] [.WebGL-0x3fe401cb7f00]GL Driver Message (OpenGL, Performance, GL_CLOSE_PATH_NV, High): GPU stall due to ReadPixels
[INFO] ℹ️ [QualiaLogger] INFO: WebSocket connection opened {}
[INFO] ℹ️ [QualiaLogger] INFO: Connected to state stream {connectionTime: 1759209555898}
[INFO] ℹ️ [QualiaLogger] INFO: Initiating WebSocket connection to state stream {url: ws://127.0.0.1:8000/ws/video_stream}
[INFO] ℹ️ [QualiaLogger] INFO: FrontendRenderer initialized and connected to state stream {}
✅ Main menu loaded successfully
📸 Capturing main menu state (Screenshot + DOM)...
[WARNING] [.WebGL-0x3fe401cb7f00]GL Driver Message (OpenGL, Performance, GL_CLOSE_PATH_NV, High): GPU stall due to ReadPixels
[LOG] 🔴 SERVICE ERROR DETECTED: 🚨 [QualiaLogger] ERROR: 🚨 @AdaptAndEmit failed in StateStreamingService.onRawMessage [object Object]
[ERROR] 🚨 [QualiaLogger] ERROR: 🚨 @AdaptAndEmit failed in StateStreamingService.onRawMessage {error: Invalid raw data format for RawToParticleEventAdapter. Expected ArrayBuffer, got string, adapterProperty: messageAdapter, timestamp: 2025-09-30T05:19:16.553Z}
[ERROR] 🚨 [QualiaLogger] ERROR: Message handler failed {error: Error: Invalid raw data format for RawToParticleEventAdapter. Expected ArrayBuffer, got string
    …}
[WARNING] [.WebGL-0x3fe401cb7f00]GL Driver Message (OpenGL, Performance, GL_CLOSE_PATH_NV, High): GPU stall due to ReadPixels
[WARNING] [.WebGL-0x3fe401cb7f00]GL Driver Message (OpenGL, Performance, GL_CLOSE_PATH_NV, High): GPU stall due to ReadPixels (this message will no longer repeat)
[LOG] === RACE CONDITION TEST RESULTS ===
[LOG] ✅ NO CONFIGURATION ERRORS DETECTED
[LOG] ❌ SERVICE INITIALIZATION ERRORS FOUND: [Object]
[LOG] === TEST COMPLETE ===
[LOG] 🔴 SERVICE ERROR DETECTED: 🚨 [QualiaLogger] ERROR: 🚨 @AdaptAndEmit failed in StateStreamingService.onRawMessage [object Object]
[ERROR] 🚨 [QualiaLogger] ERROR: 🚨 @AdaptAndEmit failed in StateStreamingService.onRawMessage {error: Invalid raw data format for RawToParticleEventAdapter. Expected ArrayBuffer, got string, adapterProperty: messageAdapter, timestamp: 2025-09-30T05:19:17.519Z}
[ERROR] 🚨 [QualiaLogger] ERROR: Message handler failed {error: Error: Invalid raw data format for RawToParticleEventAdapter. Expected ArrayBuffer, got string
    …}
📊 Main menu state captured.
🚀 Clicking "INITIATE NEURAL SYNC" button...
[LOG] 🔴 SERVICE ERROR DETECTED: 🚨 [QualiaLogger] ERROR: 🚨 @AdaptAndEmit failed in StateStreamingService.onRawMessage [object Object]
[ERROR] 🚨 [QualiaLogger] ERROR: 🚨 @AdaptAndEmit failed in StateStreamingService.onRawMessage {error: Invalid raw data format for RawToParticleEventAdapter. Expected ArrayBuffer, got string, adapterProperty: messageAdapter, timestamp: 2025-09-30T05:19:18.491Z}
[ERROR] 🚨 [QualiaLogger] ERROR: Message handler failed {error: Error: Invalid raw data format for RawToParticleEventAdapter. Expected ArrayBuffer, got string
    …}
[LOG] 🔴 SERVICE ERROR DETECTED: 🚨 [QualiaLogger] ERROR: 🚨 @AdaptAndEmit failed in StateStreamingService.onRawMessage [object Object]
[ERROR] 🚨 [QualiaLogger] ERROR: 🚨 @AdaptAndEmit failed in StateStreamingService.onRawMessage {error: Invalid raw data format for RawToParticleEventAdapter. Expected ArrayBuffer, got string, adapterProperty: messageAdapter, timestamp: 2025-09-30T05:19:19.475Z}
[ERROR] 🚨 [QualiaLogger] ERROR: Message handler failed {error: Error: Invalid raw data format for RawToParticleEventAdapter. Expected ArrayBuffer, got string
    …}
[INFO] ℹ️ [QualiaLogger] INFO: 📢 [EventBus] Emitting PlayerAction to 1 listeners {}
[INFO] ℹ️ [QualiaLogger] INFO: 🎮 [GameController] Handling PlayerAction: StartGame {}
[INFO] ℹ️ [QualiaLogger] INFO: 🎮 [GameController] Starting game {}
[INFO] ℹ️ [QualiaLogger] INFO: 📢 [EventBus] Emitting GameStateChanged to 4 listeners {}
[INFO] ℹ️ [QualiaLogger] INFO: 🎮 [GameStateStoreService] Processing GameStateChanged: {newState: Playing}
[INFO] ℹ️ [QualiaLogger] INFO: Showing notification {notificationId: notification_1759209560747_o2w1o17u, type: info, priority: normal, message: Game state changed to: Playing, timestamp: Tue Sep 30 2025 07:19:20 GMT+0200 (hora de verano de Europa central)}
[INFO] ℹ️ [QualiaLogger] INFO: 📢 [NotificationService] Notification displayed {id: notification_1759209560747_o2w1o17u, type: info, message: Game state changed to: Playing}
[INFO] ℹ️ [QualiaLogger] INFO: ⏰ [GameController] Starting game clock {}
[INFO] ℹ️ [QualiaLogger] INFO: 🔗 [EventBus] Subscribe called for RhythmicDash {}
[INFO] ℹ️ [QualiaLogger] INFO: 🔗 [EventBus] Subscribed to RhythmicDash (ID: undefined_1759209560793_0.2881810292207212) - 0.40ms {}
[INFO] ℹ️ [QualiaLogger] INFO: 🔗 [EventBus] Subscribe called for MetronomeTick {}
[INFO] ℹ️ [QualiaLogger] INFO: 🔗 [EventBus] Subscribed to MetronomeTick (ID: undefined_1759209560794_0.1941741496848305) - 0.10ms {}
[INFO] ℹ️ [QualiaLogger] INFO: 🔌 [EventBus] Unsubscribe called for ID: undefined_1759209560793_0.2881810292207212 {}
[INFO] ℹ️ [QualiaLogger] INFO: 🔌 [EventBus] Unsubscribed from RhythmicDash (ID: undefined_1759209560793_0.2881810292207212) {}
[INFO] ℹ️ [QualiaLogger] INFO: 🔌 [EventBus] Unsubscribe called for ID: undefined_1759209560794_0.1941741496848305 {}
[INFO] ℹ️ [QualiaLogger] INFO: 🔌 [EventBus] Unsubscribed from MetronomeTick (ID: undefined_1759209560794_0.1941741496848305) {}
[INFO] ℹ️ [QualiaLogger] INFO: 🔗 [EventBus] Subscribe called for RhythmicDash {}
[INFO] ℹ️ [QualiaLogger] INFO: 🔗 [EventBus] Subscribed to RhythmicDash (ID: undefined_1759209560796_0.2829753384038488) - 0.10ms {}
[INFO] ℹ️ [QualiaLogger] INFO: 🔗 [EventBus] Subscribe called for MetronomeTick {}
[INFO] ℹ️ [QualiaLogger] INFO: 🔗 [EventBus] Subscribed to MetronomeTick (ID: undefined_1759209560796_0.007567104031535377) - 0.20ms {}
[INFO] ℹ️ [QualiaLogger] INFO: 📢 [EventBus] Emit completed for GameStateChanged - 50.30ms {}
[INFO] ℹ️ [QualiaLogger] INFO: 📢 [EventBus] Emit completed for PlayerAction - 52.10ms {}
[INFO] ℹ️ [QualiaLogger] INFO: 📢 [EventBus] Emitting MetronomeTick to 1 listeners {}
[INFO] ℹ️ [QualiaLogger] INFO: 📢 [EventBus] Emit completed for MetronomeTick - 0.40ms {}
⏳ Waiting for game transition...
[INFO] ℹ️ [QualiaLogger] INFO: 📢 [EventBus] Emitting MetronomeTick to 1 listeners {}
[INFO] ℹ️ [QualiaLogger] INFO: 📢 [EventBus] Emit completed for MetronomeTick - 0.30ms {}
[INFO] ℹ️ [QualiaLogger] INFO: 📢 [EventBus] Emitting MetronomeTick to 1 listeners {}
[INFO] ℹ️ [QualiaLogger] INFO: 📢 [EventBus] Emit completed for MetronomeTick - 0.20ms {}
[WARNING] [GroupMarkerNotSet(crbug.com/242999)!:A02023002C300000]Automatic fallback to software WebGL has been deprecated. Please use the --enable-unsafe-swiftshader (about:flags#enable-unsafe-swiftshader) flag to opt in to lower security guarantees for trusted content.
[LOG] 🔴 SERVICE ERROR DETECTED: 🚨 [QualiaLogger] ERROR: 🚨 @AdaptAndEmit failed in StateStreamingService.onRawMessage [object Object]
[ERROR] 🚨 [QualiaLogger] ERROR: 🚨 @AdaptAndEmit failed in StateStreamingService.onRawMessage {error: Invalid raw data format for RawToParticleEventAdapter. Expected ArrayBuffer, got string, adapterProperty: messageAdapter, timestamp: 2025-09-30T05:19:22.266Z}
[ERROR] 🚨 [QualiaLogger] ERROR: Message handler failed {error: Error: Invalid raw data format for RawToParticleEventAdapter. Expected ArrayBuffer, got string
    …}
📸 Capturing game view state (Screenshot + DOM)...
[INFO] ℹ️ [QualiaLogger] INFO: 📢 [EventBus] Emitting MetronomeTick to 1 listeners {}
[INFO] ℹ️ [QualiaLogger] INFO: 📢 [EventBus] Emit completed for MetronomeTick - 0.20ms {}
[INFO] ℹ️ [QualiaLogger] INFO: 📢 [EventBus] Emitting MetronomeTick to 1 listeners {}
[INFO] ℹ️ [QualiaLogger] INFO: 📢 [EventBus] Emit completed for MetronomeTick - 0.30ms {}
[INFO] ℹ️ [QualiaLogger] INFO: 📢 [EventBus] Emitting MetronomeTick to 1 listeners {}
[INFO] ℹ️ [QualiaLogger] INFO: 📢 [EventBus] Emit completed for MetronomeTick - 0.30ms {}
[INFO] ℹ️ [QualiaLogger] INFO: 📢 [EventBus] Emitting MetronomeTick to 1 listeners {}
[INFO] ℹ️ [QualiaLogger] INFO: 📢 [EventBus] Emit completed for MetronomeTick - 0.30ms {}
[INFO] ℹ️ [QualiaLogger] INFO: 📢 [EventBus] Emitting MetronomeTick to 1 listeners {}
[INFO] ℹ️ [QualiaLogger] INFO: 📢 [EventBus] Emit completed for MetronomeTick - 0.30ms {}
[INFO] ℹ️ [QualiaLogger] INFO: 📢 [EventBus] Emitting MetronomeTick to 1 listeners {}
[INFO] ℹ️ [QualiaLogger] INFO: 📢 [EventBus] Emit completed for MetronomeTick - 0.30ms {}
[INFO] ℹ️ [QualiaLogger] INFO: 📢 [EventBus] Emitting MetronomeTick to 1 listeners {}
[INFO] ℹ️ [QualiaLogger] INFO: 📢 [EventBus] Emit completed for MetronomeTick - 0.30ms {}
[LOG] 🔴 SERVICE ERROR DETECTED: 🚨 [QualiaLogger] ERROR: 🚨 @AdaptAndEmit failed in StateStreamingService.onRawMessage [object Object]
[ERROR] 🚨 [QualiaLogger] ERROR: 🚨 @AdaptAndEmit failed in StateStreamingService.onRawMessage {error: Invalid raw data format for RawToParticleEventAdapter. Expected ArrayBuffer, got string, adapterProperty: messageAdapter, timestamp: 2025-09-30T05:19:29.594Z}
[ERROR] 🚨 [QualiaLogger] ERROR: Message handler failed {error: Error: Invalid raw data format for RawToParticleEventAdapter. Expected ArrayBuffer, got string
    …}
[INFO] ℹ️ [QualiaLogger] INFO: 📢 [EventBus] Emitting MetronomeTick to 1 listeners {}
[INFO] ℹ️ [QualiaLogger] INFO: 📢 [EventBus] Emit completed for MetronomeTick - 0.10ms {}
[INFO] ℹ️ [QualiaLogger] INFO: 📢 [EventBus] Emitting MetronomeTick to 1 listeners {}
[INFO] ℹ️ [QualiaLogger] INFO: 📢 [EventBus] Emit completed for MetronomeTick - 0.50ms {}
📊 Game view state captured.
🎮 Testing character movement (W + D keys)...
Forzando foco en el canvas
[INFO] ℹ️ [QualiaLogger] INFO: 📢 [EventBus] Emitting MetronomeTick to 1 listeners {}
[INFO] ℹ️ [QualiaLogger] INFO: 📢 [EventBus] Emit completed for MetronomeTick - 0.40ms {}
[INFO] ℹ️ [QualiaLogger] INFO: 📢 [EventBus] Emitting MetronomeTick to 1 listeners {}
[INFO] ℹ️ [QualiaLogger] INFO: 📢 [EventBus] Emit completed for MetronomeTick - 0.40ms {}
❌❌❌ BROWSER TEST FAILED: page.focus: Target page, context or browser has been closed
Call log:
[2m  - waiting for locator('canvas')[22m

Page not available, cannot capture failure state.
📊 Failure report generated.
Closing browser if it exists...
