🌐 Starting comprehensive browser test...
📡 Navigating to http://localhost:5173...
[LOG] === RACE CONDITION TEST SCRIPT LOADED ===
[DEBUG] [vite] connecting...
[DEBUG] [vite] connected.
[INFO] %cDownload the React DevTools for a better development experience: https://reactjs.org/link/react-devtools font-weight:bold
[LOG] %c * Tone.js v14.9.17 *  background: #000; color: #fff
[WARNING] The AudioContext was not allowed to start. It must be resumed (or created) after a user gesture on the page. https://developer.chrome.com/blog/autoplay/#web_audio
[WARNING] The AudioContext was not allowed to start. It must be resumed (or created) after a user gesture on the page. https://developer.chrome.com/blog/autoplay/#web_audio
⏳ Waiting for main menu to load...
[INFO] ℹ️ [QualiaLogger] INFO: Loading configuration from multiple YAML files... {}
[INFO] ℹ️ [QualiaLogger] INFO: All configurations loaded successfully {}
[INFO] ℹ️ [QualiaLogger] INFO: Application Bootstrap: Initializing services... {}
[INFO] ℹ️ [QualiaLogger] INFO: ✅ [BOOTSTRAP] Service layer initialization completed successfully {}
[INFO] ℹ️ [QualiaLogger] INFO: TimerService initialized with timer abstraction {}
[INFO] ℹ️ [QualiaLogger] INFO: 🚀 [EventBus] EventBus initialized via InversifyJS {}
[INFO] ℹ️ [QualiaLogger] INFO: GameStateStoreService constructed. Awaiting store setter. {}
[INFO] ℹ️ [QualiaLogger] INFO: Zustand store setter has been provided to GameStateStoreService. {}
[INFO] ℹ️ [QualiaLogger] INFO: ✅ [BOOTSTRAP] UI-Service bridge established successfully {}
[INFO] ℹ️ [QualiaLogger] INFO: HttpService initialized with fetch abstraction {defaultTimeout: undefined}
[INFO] ℹ️ [QualiaLogger] INFO: PerformanceService initialized with performance abstraction {}
[INFO] ℹ️ [QualiaLogger] INFO: BackendSyncService initialized - configuration will be loaded on demand {}
[INFO] ℹ️ [QualiaLogger] INFO: 🎮 [GameController] Service initialized {}
[INFO] ℹ️ [QualiaLogger] INFO: RhythmicMovementController initialized successfully {}
[INFO] ℹ️ [QualiaLogger] INFO: 🔧 [NotificationService] Service initialized - configuration will be loaded in start() {}
[INFO] ℹ️ [QualiaLogger] INFO: 🔧 [ErrorReportingService] Service initialized - configuration will be loaded in start() {}
[INFO] ℹ️ [QualiaLogger] INFO: 🔧 [DebugService] Service initialized with AI debugging capabilities and pure DI {}
[INFO] ℹ️ [QualiaLogger] INFO: WebSocketService initialized {}
[INFO] ℹ️ [QualiaLogger] INFO: StateStreamingService initialized {connectionUrl: ws://127.0.0.1:8000/ws/video_stream, maxReconnectAttempts: 10}
[INFO] ℹ️ [QualiaLogger] INFO: ApplicationInitializerService constructed - awaiting start() {}
[INFO] ℹ️ [QualiaLogger] INFO: Application Bootstrap: Starting application... {}
[INFO] ℹ️ [QualiaLogger] INFO: 🚀 Starting application initialization sequence... {}
[INFO] ℹ️ [QualiaLogger] INFO: ✅ Configuration loaded successfully {}
[INFO] ℹ️ [QualiaLogger] INFO: 🎧 [GameStateStoreService] Starting event listeners... {}
[INFO] ℹ️ [QualiaLogger] INFO: 🔗 [EventBus] Subscribe called for GameStateChanged {}
[INFO] ℹ️ [QualiaLogger] INFO: 🔗 [EventBus] Subscribed to GameStateChanged (ID: undefined_1759162414748_0.6030710368624518) - 0.20ms {}
[INFO] ℹ️ [QualiaLogger] INFO: 🔗 [EventBus] Subscribe called for QualiaStateUpdated {}
[INFO] ℹ️ [QualiaLogger] INFO: 🔗 [EventBus] Subscribed to QualiaStateUpdated (ID: undefined_1759162414748_0.653072530311425) - 0.20ms {}
[INFO] ℹ️ [QualiaLogger] INFO: 🔗 [EventBus] Subscribe called for RhythmicDash {}
[INFO] ℹ️ [QualiaLogger] INFO: 🔗 [EventBus] Subscribed to RhythmicDash (ID: undefined_1759162414749_0.14771224214468737) - 0.10ms {}
[INFO] ℹ️ [QualiaLogger] INFO: ✅ [GameStateStoreService] Event listeners active {}
[INFO] ℹ️ [QualiaLogger] INFO: ✅ GameStateStoreService started and listening {}
[INFO] ℹ️ [QualiaLogger] INFO: ErrorReporting configuration loaded from YAML successfully {}
[INFO] ℹ️ [QualiaLogger] INFO: 🚀 [ErrorReportingService] Starting production error reporting... {}
[INFO] ℹ️ [QualiaLogger] INFO: 🔗 [EventBus] Subscribe called for Error {}
[INFO] ℹ️ [QualiaLogger] INFO: 🔗 [EventBus] Subscribed to Error (ID: undefined_1759162414750_0.11083824868568548) - 0.10ms {}
[INFO] ℹ️ [QualiaLogger] INFO: 📡 [ErrorReportingService] Subscribed to Error events {}
[INFO] ℹ️ [QualiaLogger] INFO: 🚀 [ErrorReportingService] Service started - Production error handling active {}
[INFO] ℹ️ [QualiaLogger] INFO: 📊 [ErrorReportingService] Current Configuration: {enabled: true, maxBatchSize: 50, batchFlushInterval: 30000ms, maxRetries: 3, retryDelay: 1000ms}
[INFO] ℹ️ [QualiaLogger] INFO: DebugService configuration loaded successfully. {}
[INFO] ℹ️ [QualiaLogger] INFO: 📊 [DebugService] Current Configuration: {maxSessionHistory: 10, maxEventHistory: 500, performanceMonitoringInterval: 5000ms, aiAnalysisInterval: 30000ms, enableAIAnalysis: true}
[INFO] ℹ️ [QualiaLogger] INFO: 🚀 [DebugService] Starting AI debugging service... {}
[INFO] ℹ️ [QualiaLogger] INFO: 🔍 [DebugService] Started new debug session: debug_session_1759162414751_zos3r4u9 {}
[INFO] ℹ️ [QualiaLogger] INFO: 🔗 [EventBus] Subscribe called for * {}
[INFO] ℹ️ [QualiaLogger] INFO: 🔗 [EventBus] Subscribed to * (ID: undefined_1759162414752_0.06797885193409758) - 0.20ms {}
[INFO] ℹ️ [QualiaLogger] INFO: 📡 [DebugService] Subscribed to all event types {}
[INFO] ℹ️ [QualiaLogger] INFO: 🚀 [DebugService] Service started - AI debugging active {}
[INFO] ℹ️ [QualiaLogger] INFO: NotificationService configuration loaded from YAML successfully {}
[INFO] ℹ️ [QualiaLogger] INFO: 🚀 [NotificationService] Starting notification processing... {}
[INFO] ℹ️ [QualiaLogger] INFO: 🔗 [EventBus] Subscribe called for Error {}
[INFO] ℹ️ [QualiaLogger] INFO: 🔗 [EventBus] Subscribed to Error (ID: undefined_1759162414753_0.6497176042688911) - 0.30ms {}
[INFO] ℹ️ [QualiaLogger] INFO: 🔗 [EventBus] Subscribe called for GameStateChanged {}
[INFO] ℹ️ [QualiaLogger] INFO: 🔗 [EventBus] Subscribed to GameStateChanged (ID: undefined_1759162414753_0.8784367255094196) - 0.10ms {}
[INFO] ℹ️ [QualiaLogger] INFO: 🔗 [EventBus] Subscribe called for QualiaStateUpdated {}
[INFO] ℹ️ [QualiaLogger] INFO: 🔗 [EventBus] Subscribed to QualiaStateUpdated (ID: undefined_1759162414753_0.25337899030921085) - 0.10ms {}
[INFO] ℹ️ [QualiaLogger] INFO: 🔗 [EventBus] Subscribe called for BackendSync {}
[INFO] ℹ️ [QualiaLogger] INFO: 🔗 [EventBus] Subscribed to BackendSync (ID: undefined_1759162414753_0.8766608537712285) - 0.10ms {}
[INFO] ℹ️ [QualiaLogger] INFO: 📡 [NotificationService] Subscribed to notification events {}
[INFO] ℹ️ [QualiaLogger] INFO: NotificationService started {}
[INFO] ℹ️ [QualiaLogger] INFO: ✅ Transversal services (ErrorReporting, Debug, Notification) started {}
[INFO] ℹ️ [QualiaLogger] INFO: StateStreamingService started and EventBus injected. {}
[INFO] ℹ️ [QualiaLogger] INFO: State streaming service started {}
[INFO] ℹ️ [QualiaLogger] INFO: 🚀 [GameController] Starting service... {}
[INFO] ℹ️ [QualiaLogger] INFO: 🔗 [EventBus] Subscribe called for PlayerAction {}
[INFO] ℹ️ [QualiaLogger] INFO: 🔗 [EventBus] Subscribed to PlayerAction (ID: undefined_1759162414755_0.4413808362145296) - 0.10ms {}
[INFO] ℹ️ [QualiaLogger] INFO: 🔗 [EventBus] Subscribe called for GameStateChanged {}
[INFO] ℹ️ [QualiaLogger] INFO: 🔗 [EventBus] Subscribed to GameStateChanged (ID: undefined_1759162414755_0.4243239146648573) - 0.10ms {}
[INFO] ℹ️ [QualiaLogger] INFO: ✅ [GameController] Events subscribed successfully {}
[INFO] ℹ️ [QualiaLogger] INFO: 🎮 [GameController] Service started successfully - 0.90ms {}
[INFO] ℹ️ [QualiaLogger] INFO: ✅ GameControllerService started and ready {}
[INFO] ℹ️ [QualiaLogger] INFO: 🔗 [EventBus] Subscribe called for PlayerInput {}
[INFO] ℹ️ [QualiaLogger] INFO: 🔗 [EventBus] Subscribed to PlayerInput (ID: undefined_1759162414756_0.551157303748392) - 0.20ms {}
[INFO] ℹ️ [QualiaLogger] INFO: 🔗 [EventBus] Subscribe called for GameStateChanged {}
[INFO] ℹ️ [QualiaLogger] INFO: 🔗 [EventBus] Subscribed to GameStateChanged (ID: undefined_1759162414756_0.9980706117224123) - 0.20ms {}
[INFO] ℹ️ [QualiaLogger] INFO: RhythmicMovementController started successfully {}
[INFO] ℹ️ [QualiaLogger] INFO: ✅ RhythmicMovementController started and ready {}
[INFO] ℹ️ [QualiaLogger] INFO: 🚀 [BackendSync] Starting service... {}
[INFO] ℹ️ [QualiaLogger] INFO: 🔗 [EventBus] Subscribe called for QualiaStateUpdated {}
[INFO] ℹ️ [QualiaLogger] INFO: 🔗 [EventBus] Subscribed to QualiaStateUpdated (ID: undefined_1759162414757_0.7449472901313353) - 0.20ms {}
[INFO] ℹ️ [QualiaLogger] INFO: 📡 [BackendSync] Subscribed to events {}
[INFO] ℹ️ [QualiaLogger] INFO: ✅ [BackendSync] Service started successfully {}
[INFO] ℹ️ [QualiaLogger] INFO: 🎉 Application initialization sequence completed successfully! {initializationComplete: true, timestamp: null, duration: null, servicesStarted: Array(0), backendConnected: false}
[INFO] ℹ️ [QualiaLogger] INFO: ✅ [BOOTSTRAP] Application startup completed successfully {}
[INFO] ℹ️ [QualiaLogger] INFO: FrontendRenderingService initialized {}
[INFO] ℹ️ [QualiaLogger] INFO: BrowserEventsService initialized {}
[INFO] ℹ️ [QualiaLogger] INFO: Initializing FrontendRenderingService {}
[INFO] ℹ️ [QualiaLogger] INFO: WebSocket disconnected and cleaned up {}
[INFO] ℹ️ [QualiaLogger] INFO: FrontendRenderingService initialized successfully {}
[INFO] ℹ️ [QualiaLogger] INFO: Disconnected from state stream {}
[INFO] ℹ️ [QualiaLogger] INFO: FrontendRenderingService started {}
[INFO] ℹ️ [QualiaLogger] INFO: WebSocket connection initiated {url: ws://127.0.0.1:8000/ws/video_stream}
[WARNING] [GroupMarkerNotSet(crbug.com/242999)!:A0F0220074240000]Automatic fallback to software WebGL has been deprecated. Please use the --enable-unsafe-swiftshader (about:flags#enable-unsafe-swiftshader) flag to opt in to lower security guarantees for trusted content.
[WARNING] [.WebGL-0x2234025d7100]GL Driver Message (OpenGL, Performance, GL_CLOSE_PATH_NV, High): GPU stall due to ReadPixels
[INFO] ℹ️ [QualiaLogger] INFO: WebSocket connection opened {}
[INFO] ℹ️ [QualiaLogger] INFO: Connected to state stream {connectionTime: 1759162415913}
[INFO] ℹ️ [QualiaLogger] INFO: Initiating WebSocket connection to state stream {url: ws://127.0.0.1:8000/ws/video_stream}
[INFO] ℹ️ [QualiaLogger] INFO: FrontendRenderer initialized and connected to state stream {}
[WARNING] [.WebGL-0x2234025d7100]GL Driver Message (OpenGL, Performance, GL_CLOSE_PATH_NV, High): GPU stall due to ReadPixels
[WARNING] [.WebGL-0x2234025d7100]GL Driver Message (OpenGL, Performance, GL_CLOSE_PATH_NV, High): GPU stall due to ReadPixels
✅ Main menu loaded successfully
📸 Capturing main menu state (Screenshot + DOM)...
[WARNING] [.WebGL-0x2234025d7100]GL Driver Message (OpenGL, Performance, GL_CLOSE_PATH_NV, High): GPU stall due to ReadPixels (this message will no longer repeat)
[LOG] === RACE CONDITION TEST RESULTS ===
[LOG] ✅ NO CONFIGURATION ERRORS DETECTED
[LOG] ✅ NO SERVICE INITIALIZATION ERRORS DETECTED
[LOG] === TEST COMPLETE ===
📊 Main menu state captured.
🚀 Clicking "INITIATE NEURAL SYNC" button...
[LOG] === RACE CONDITION TEST SCRIPT LOADED ===
[DEBUG] [vite] connecting...
[DEBUG] [vite] connected.
[INFO] %cDownload the React DevTools for a better development experience: https://reactjs.org/link/react-devtools font-weight:bold
[LOG] %c * Tone.js v14.9.17 *  background: #000; color: #fff
[INFO] ℹ️ [QualiaLogger] INFO: Loading configuration from multiple YAML files... {}
[INFO] ℹ️ [QualiaLogger] INFO: All configurations loaded successfully {}
[INFO] ℹ️ [QualiaLogger] INFO: Application Bootstrap: Initializing services... {}
[INFO] ℹ️ [QualiaLogger] INFO: ✅ [BOOTSTRAP] Service layer initialization completed successfully {}
[INFO] ℹ️ [QualiaLogger] INFO: TimerService initialized with timer abstraction {}
[INFO] ℹ️ [QualiaLogger] INFO: 🚀 [EventBus] EventBus initialized via InversifyJS {}
[INFO] ℹ️ [QualiaLogger] INFO: GameStateStoreService constructed. Awaiting store setter. {}
[INFO] ℹ️ [QualiaLogger] INFO: Zustand store setter has been provided to GameStateStoreService. {}
[INFO] ℹ️ [QualiaLogger] INFO: ✅ [BOOTSTRAP] UI-Service bridge established successfully {}
[INFO] ℹ️ [QualiaLogger] INFO: HttpService initialized with fetch abstraction {defaultTimeout: undefined}
[INFO] ℹ️ [QualiaLogger] INFO: PerformanceService initialized with performance abstraction {}
[INFO] ℹ️ [QualiaLogger] INFO: BackendSyncService initialized - configuration will be loaded on demand {}
[INFO] ℹ️ [QualiaLogger] INFO: 🎮 [GameController] Service initialized {}
[INFO] ℹ️ [QualiaLogger] INFO: RhythmicMovementController initialized successfully {}
[INFO] ℹ️ [QualiaLogger] INFO: 🔧 [NotificationService] Service initialized - configuration will be loaded in start() {}
[INFO] ℹ️ [QualiaLogger] INFO: 🔧 [ErrorReportingService] Service initialized - configuration will be loaded in start() {}
[INFO] ℹ️ [QualiaLogger] INFO: 🔧 [DebugService] Service initialized with AI debugging capabilities and pure DI {}
[INFO] ℹ️ [QualiaLogger] INFO: WebSocketService initialized {}
[INFO] ℹ️ [QualiaLogger] INFO: StateStreamingService initialized {connectionUrl: ws://127.0.0.1:8000/ws/video_stream, maxReconnectAttempts: 10}
[INFO] ℹ️ [QualiaLogger] INFO: ApplicationInitializerService constructed - awaiting start() {}
[INFO] ℹ️ [QualiaLogger] INFO: Application Bootstrap: Starting application... {}
[INFO] ℹ️ [QualiaLogger] INFO: 🚀 Starting application initialization sequence... {}
[INFO] ℹ️ [QualiaLogger] INFO: ✅ Configuration loaded successfully {}
[INFO] ℹ️ [QualiaLogger] INFO: 🎧 [GameStateStoreService] Starting event listeners... {}
[INFO] ℹ️ [QualiaLogger] INFO: 🔗 [EventBus] Subscribe called for GameStateChanged {}
[INFO] ℹ️ [QualiaLogger] INFO: 🔗 [EventBus] Subscribed to GameStateChanged (ID: undefined_1759162419255_0.4222179391475308) - 0.30ms {}
[INFO] ℹ️ [QualiaLogger] INFO: 🔗 [EventBus] Subscribe called for QualiaStateUpdated {}
[INFO] ℹ️ [QualiaLogger] INFO: 🔗 [EventBus] Subscribed to QualiaStateUpdated (ID: undefined_1759162419256_0.617869997589289) - 0.10ms {}
[INFO] ℹ️ [QualiaLogger] INFO: 🔗 [EventBus] Subscribe called for RhythmicDash {}
[INFO] ℹ️ [QualiaLogger] INFO: 🔗 [EventBus] Subscribed to RhythmicDash (ID: undefined_1759162419256_0.9342018501436156) - 0.30ms {}
[INFO] ℹ️ [QualiaLogger] INFO: ✅ [GameStateStoreService] Event listeners active {}
[INFO] ℹ️ [QualiaLogger] INFO: ✅ GameStateStoreService started and listening {}
[INFO] ℹ️ [QualiaLogger] INFO: ErrorReporting configuration loaded from YAML successfully {}
[INFO] ℹ️ [QualiaLogger] INFO: 🚀 [ErrorReportingService] Starting production error reporting... {}
[INFO] ℹ️ [QualiaLogger] INFO: 🔗 [EventBus] Subscribe called for Error {}
[INFO] ℹ️ [QualiaLogger] INFO: 🔗 [EventBus] Subscribed to Error (ID: undefined_1759162419258_0.7674878488493101) - 0.30ms {}
[INFO] ℹ️ [QualiaLogger] INFO: 📡 [ErrorReportingService] Subscribed to Error events {}
[INFO] ℹ️ [QualiaLogger] INFO: 🚀 [ErrorReportingService] Service started - Production error handling active {}
[INFO] ℹ️ [QualiaLogger] INFO: 📊 [ErrorReportingService] Current Configuration: {enabled: true, maxBatchSize: 50, batchFlushInterval: 30000ms, maxRetries: 3, retryDelay: 1000ms}
[INFO] ℹ️ [QualiaLogger] INFO: DebugService configuration loaded successfully. {}
[INFO] ℹ️ [QualiaLogger] INFO: 📊 [DebugService] Current Configuration: {maxSessionHistory: 10, maxEventHistory: 500, performanceMonitoringInterval: 5000ms, aiAnalysisInterval: 30000ms, enableAIAnalysis: true}
[INFO] ℹ️ [QualiaLogger] INFO: 🚀 [DebugService] Starting AI debugging service... {}
[INFO] ℹ️ [QualiaLogger] INFO: 🔍 [DebugService] Started new debug session: debug_session_1759162419260_90b1xkqd {}
[INFO] ℹ️ [QualiaLogger] INFO: 🔗 [EventBus] Subscribe called for * {}
[INFO] ℹ️ [QualiaLogger] INFO: 🔗 [EventBus] Subscribed to * (ID: undefined_1759162419260_0.2191289348648192) - 0.20ms {}
[INFO] ℹ️ [QualiaLogger] INFO: 📡 [DebugService] Subscribed to all event types {}
[INFO] ℹ️ [QualiaLogger] INFO: 🚀 [DebugService] Service started - AI debugging active {}
[INFO] ℹ️ [QualiaLogger] INFO: NotificationService configuration loaded from YAML successfully {}
[INFO] ℹ️ [QualiaLogger] INFO: 🚀 [NotificationService] Starting notification processing... {}
[INFO] ℹ️ [QualiaLogger] INFO: 🔗 [EventBus] Subscribe called for Error {}
[INFO] ℹ️ [QualiaLogger] INFO: 🔗 [EventBus] Subscribed to Error (ID: undefined_1759162419261_0.9703869225853101) - 0.20ms {}
[INFO] ℹ️ [QualiaLogger] INFO: 🔗 [EventBus] Subscribe called for GameStateChanged {}
[INFO] ℹ️ [QualiaLogger] INFO: 🔗 [EventBus] Subscribed to GameStateChanged (ID: undefined_1759162419262_0.33219010637841484) - 0.20ms {}
[INFO] ℹ️ [QualiaLogger] INFO: 🔗 [EventBus] Subscribe called for QualiaStateUpdated {}
[INFO] ℹ️ [QualiaLogger] INFO: 🔗 [EventBus] Subscribed to QualiaStateUpdated (ID: undefined_1759162419262_0.47462687868458275) - 0.20ms {}
[INFO] ℹ️ [QualiaLogger] INFO: 🔗 [EventBus] Subscribe called for BackendSync {}
[INFO] ℹ️ [QualiaLogger] INFO: 🔗 [EventBus] Subscribed to BackendSync (ID: undefined_1759162419263_0.2353333312595749) - 0.20ms {}
[INFO] ℹ️ [QualiaLogger] INFO: 📡 [NotificationService] Subscribed to notification events {}
[INFO] ℹ️ [QualiaLogger] INFO: NotificationService started {}
[INFO] ℹ️ [QualiaLogger] INFO: ✅ Transversal services (ErrorReporting, Debug, Notification) started {}
[INFO] ℹ️ [QualiaLogger] INFO: StateStreamingService started and EventBus injected. {}
[INFO] ℹ️ [QualiaLogger] INFO: State streaming service started {}
[INFO] ℹ️ [QualiaLogger] INFO: 🚀 [GameController] Starting service... {}
[INFO] ℹ️ [QualiaLogger] INFO: 🔗 [EventBus] Subscribe called for PlayerAction {}
[INFO] ℹ️ [QualiaLogger] INFO: 🔗 [EventBus] Subscribed to PlayerAction (ID: undefined_1759162419265_0.9229859905154145) - 0.20ms {}
[INFO] ℹ️ [QualiaLogger] INFO: 🔗 [EventBus] Subscribe called for GameStateChanged {}
[INFO] ℹ️ [QualiaLogger] INFO: 🔗 [EventBus] Subscribed to GameStateChanged (ID: undefined_1759162419265_0.6931342338345394) - 0.10ms {}
[INFO] ℹ️ [QualiaLogger] INFO: ✅ [GameController] Events subscribed successfully {}
[INFO] ℹ️ [QualiaLogger] INFO: 🎮 [GameController] Service started successfully - 1.30ms {}
[INFO] ℹ️ [QualiaLogger] INFO: ✅ GameControllerService started and ready {}
[INFO] ℹ️ [QualiaLogger] INFO: 🔗 [EventBus] Subscribe called for PlayerInput {}
[INFO] ℹ️ [QualiaLogger] INFO: 🔗 [EventBus] Subscribed to PlayerInput (ID: undefined_1759162419266_0.8373852425270215) - 0.20ms {}
[INFO] ℹ️ [QualiaLogger] INFO: 🔗 [EventBus] Subscribe called for GameStateChanged {}
[INFO] ℹ️ [QualiaLogger] INFO: 🔗 [EventBus] Subscribed to GameStateChanged (ID: undefined_1759162419267_0.35402706151654717) - 0.20ms {}
[INFO] ℹ️ [QualiaLogger] INFO: RhythmicMovementController started successfully {}
[INFO] ℹ️ [QualiaLogger] INFO: ✅ RhythmicMovementController started and ready {}
[INFO] ℹ️ [QualiaLogger] INFO: 🚀 [BackendSync] Starting service... {}
[INFO] ℹ️ [QualiaLogger] INFO: 🔗 [EventBus] Subscribe called for QualiaStateUpdated {}
[INFO] ℹ️ [QualiaLogger] INFO: 🔗 [EventBus] Subscribed to QualiaStateUpdated (ID: undefined_1759162419268_0.786175045064564) - 0.20ms {}
[INFO] ℹ️ [QualiaLogger] INFO: 📡 [BackendSync] Subscribed to events {}
[INFO] ℹ️ [QualiaLogger] INFO: ✅ [BackendSync] Service started successfully {}
[INFO] ℹ️ [QualiaLogger] INFO: 🎉 Application initialization sequence completed successfully! {initializationComplete: true, timestamp: null, duration: null, servicesStarted: Array(0), backendConnected: false}
[INFO] ℹ️ [QualiaLogger] INFO: ✅ [BOOTSTRAP] Application startup completed successfully {}
[INFO] ℹ️ [QualiaLogger] INFO: FrontendRenderingService initialized {}
[INFO] ℹ️ [QualiaLogger] INFO: BrowserEventsService initialized {}
[INFO] ℹ️ [QualiaLogger] INFO: Initializing FrontendRenderingService {}
[INFO] ℹ️ [QualiaLogger] INFO: WebSocket disconnected and cleaned up {}
[INFO] ℹ️ [QualiaLogger] INFO: FrontendRenderingService initialized successfully {}
[INFO] ℹ️ [QualiaLogger] INFO: Disconnected from state stream {}
[INFO] ℹ️ [QualiaLogger] INFO: FrontendRenderingService started {}
[INFO] ℹ️ [QualiaLogger] INFO: WebSocket connection initiated {url: ws://127.0.0.1:8000/ws/video_stream}
[WARNING] [GroupMarkerNotSet(crbug.com/242999)!:A0F0220074240000]Automatic fallback to software WebGL has been deprecated. Please use the --enable-unsafe-swiftshader (about:flags#enable-unsafe-swiftshader) flag to opt in to lower security guarantees for trusted content.
[INFO] ℹ️ [QualiaLogger] INFO: WebSocket connection opened {}
[INFO] ℹ️ [QualiaLogger] INFO: Connected to state stream {connectionTime: 1759162419970}
[INFO] ℹ️ [QualiaLogger] INFO: Initiating WebSocket connection to state stream {url: ws://127.0.0.1:8000/ws/video_stream}
[INFO] ℹ️ [QualiaLogger] INFO: FrontendRenderer initialized and connected to state stream {}
[INFO] ℹ️ [QualiaLogger] INFO: 📢 [EventBus] Emitting PlayerAction to 1 listeners {}
[INFO] ℹ️ [QualiaLogger] INFO: 🎮 [GameController] Handling PlayerAction: StartGame {}
[INFO] ℹ️ [QualiaLogger] INFO: 🎮 [GameController] Starting game {}
[INFO] ℹ️ [QualiaLogger] INFO: 📢 [EventBus] Emitting GameStateChanged to 4 listeners {}
[INFO] ℹ️ [QualiaLogger] INFO: 🎮 [GameStateStoreService] Processing GameStateChanged: {newState: Playing}
[INFO] ℹ️ [QualiaLogger] INFO: Showing notification {notificationId: notification_1759162420567_54azv8kp, type: info, priority: normal, message: Game state changed to: Playing, timestamp: Mon Sep 29 2025 18:13:40 GMT+0200 (hora de verano de Europa central)}
[INFO] ℹ️ [QualiaLogger] INFO: 📢 [NotificationService] Notification displayed {id: notification_1759162420567_54azv8kp, type: info, message: Game state changed to: Playing}
[INFO] ℹ️ [QualiaLogger] INFO: ⏰ [GameController] Starting game clock {}
[INFO] ℹ️ [QualiaLogger] INFO: 🔗 [EventBus] Subscribe called for RhythmicDash {}
[INFO] ℹ️ [QualiaLogger] INFO: 🔗 [EventBus] Subscribed to RhythmicDash (ID: undefined_1759162420616_0.0025339418270948766) - 0.40ms {}
[INFO] ℹ️ [QualiaLogger] INFO: 🔗 [EventBus] Subscribe called for MetronomeTick {}
[INFO] ℹ️ [QualiaLogger] INFO: 🔗 [EventBus] Subscribed to MetronomeTick (ID: undefined_1759162420616_0.9399068152347999) - 0.10ms {}
[INFO] ℹ️ [QualiaLogger] INFO: 🔌 [EventBus] Unsubscribe called for ID: undefined_1759162420616_0.0025339418270948766 {}
[INFO] ℹ️ [QualiaLogger] INFO: 🔌 [EventBus] Unsubscribed from RhythmicDash (ID: undefined_1759162420616_0.0025339418270948766) {}
[INFO] ℹ️ [QualiaLogger] INFO: 🔌 [EventBus] Unsubscribe called for ID: undefined_1759162420616_0.9399068152347999 {}
[INFO] ℹ️ [QualiaLogger] INFO: 🔌 [EventBus] Unsubscribed from MetronomeTick (ID: undefined_1759162420616_0.9399068152347999) {}
[INFO] ℹ️ [QualiaLogger] INFO: 🔗 [EventBus] Subscribe called for RhythmicDash {}
[INFO] ℹ️ [QualiaLogger] INFO: 🔗 [EventBus] Subscribed to RhythmicDash (ID: undefined_1759162420619_0.31492896408051296) - 0.20ms {}
[INFO] ℹ️ [QualiaLogger] INFO: 🔗 [EventBus] Subscribe called for MetronomeTick {}
[INFO] ℹ️ [QualiaLogger] INFO: 🔗 [EventBus] Subscribed to MetronomeTick (ID: undefined_1759162420619_0.42220566239745516) - 0.10ms {}
[INFO] ℹ️ [QualiaLogger] INFO: 📢 [EventBus] Emit completed for GameStateChanged - 53.60ms {}
[INFO] ℹ️ [QualiaLogger] INFO: 📢 [EventBus] Emit completed for PlayerAction - 55.40ms {}
[INFO] ℹ️ [QualiaLogger] INFO: 📢 [EventBus] Emitting MetronomeTick to 1 listeners {}
[INFO] ℹ️ [QualiaLogger] INFO: 📢 [EventBus] Emit completed for MetronomeTick - 0.30ms {}
⏳ Waiting for game transition...
[INFO] ℹ️ [QualiaLogger] INFO: 📢 [EventBus] Emitting MetronomeTick to 1 listeners {}
[INFO] ℹ️ [QualiaLogger] INFO: 📢 [EventBus] Emit completed for MetronomeTick - 0.20ms {}
[WARNING] [GroupMarkerNotSet(crbug.com/242999)!:A050230074240000]Automatic fallback to software WebGL has been deprecated. Please use the --enable-unsafe-swiftshader (about:flags#enable-unsafe-swiftshader) flag to opt in to lower security guarantees for trusted content.
📸 Capturing game view state (Screenshot + DOM)...
[INFO] ℹ️ [QualiaLogger] INFO: 📢 [EventBus] Emitting MetronomeTick to 1 listeners {}
[INFO] ℹ️ [QualiaLogger] INFO: 📢 [EventBus] Emit completed for MetronomeTick - 0.40ms {}
[LOG] === RACE CONDITION TEST RESULTS ===
[LOG] ✅ NO CONFIGURATION ERRORS DETECTED
[LOG] ✅ NO SERVICE INITIALIZATION ERRORS DETECTED
[LOG] === TEST COMPLETE ===
[INFO] ℹ️ [QualiaLogger] INFO: 📢 [EventBus] Emitting MetronomeTick to 1 listeners {}
[INFO] ℹ️ [QualiaLogger] INFO: 📢 [EventBus] Emit completed for MetronomeTick - 0.40ms {}
[INFO] ℹ️ [QualiaLogger] INFO: 📢 [EventBus] Emitting MetronomeTick to 1 listeners {}
[INFO] ℹ️ [QualiaLogger] INFO: 📢 [EventBus] Emit completed for MetronomeTick - 0.30ms {}
[INFO] ℹ️ [QualiaLogger] INFO: 📢 [EventBus] Emitting MetronomeTick to 1 listeners {}
[INFO] ℹ️ [QualiaLogger] INFO: 📢 [EventBus] Emit completed for MetronomeTick - 0.30ms {}
[INFO] ℹ️ [QualiaLogger] INFO: 📢 [EventBus] Emitting MetronomeTick to 1 listeners {}
[INFO] ℹ️ [QualiaLogger] INFO: 📢 [EventBus] Emit completed for MetronomeTick - 0.30ms {}
[INFO] ℹ️ [QualiaLogger] INFO: 📢 [EventBus] Emitting MetronomeTick to 1 listeners {}
[INFO] ℹ️ [QualiaLogger] INFO: 📢 [EventBus] Emit completed for MetronomeTick - 0.40ms {}
[INFO] ℹ️ [QualiaLogger] INFO: 📢 [EventBus] Emitting MetronomeTick to 1 listeners {}
[INFO] ℹ️ [QualiaLogger] INFO: 📢 [EventBus] Emit completed for MetronomeTick - 0.90ms {}
[INFO] ℹ️ [QualiaLogger] INFO: 📢 [EventBus] Emitting MetronomeTick to 1 listeners {}
[INFO] ℹ️ [QualiaLogger] INFO: 📢 [EventBus] Emit completed for MetronomeTick - 0.40ms {}
📊 Game view state captured.
🎮 Testing character movement (W + D keys)...
Forzando foco en el canvas
[ERROR] 🚨 [QualiaLogger] ERROR: Failed to parse WebSocket message {error: SyntaxError: "undefined" is not valid JSON
    at JSON.parse (<anonymous>)
    at StateStreamingSer…, data: undefined}
[INFO] ℹ️ [QualiaLogger] INFO: 📢 [EventBus] Emitting MetronomeTick to 1 listeners {}
[INFO] ℹ️ [QualiaLogger] INFO: 📢 [EventBus] Emit completed for MetronomeTick - 0.20ms {}
[INFO] ℹ️ [QualiaLogger] INFO: 📢 [EventBus] Emitting MetronomeTick to 1 listeners {}
[INFO] ℹ️ [QualiaLogger] INFO: 📢 [EventBus] Emit completed for MetronomeTick - 0.20ms {}
[INFO] ℹ️ [QualiaLogger] INFO: 📢 [EventBus] Emitting MetronomeTick to 1 listeners {}
[INFO] ℹ️ [QualiaLogger] INFO: 📢 [EventBus] Emit completed for MetronomeTick - 0.30ms {}
Foco en canvas establecido
[LOG] === RACE CONDITION TEST SCRIPT LOADED ===
[DEBUG] [vite] connecting...
[DEBUG] [vite] connected.
⏳ Waiting for movement to register...
[INFO] %cDownload the React DevTools for a better development experience: https://reactjs.org/link/react-devtools font-weight:bold
[LOG] %c * Tone.js v14.9.17 *  background: #000; color: #fff
[INFO] ℹ️ [QualiaLogger] INFO: Loading configuration from multiple YAML files... {}
[INFO] ℹ️ [QualiaLogger] INFO: All configurations loaded successfully {}
[INFO] ℹ️ [QualiaLogger] INFO: Application Bootstrap: Initializing services... {}
[INFO] ℹ️ [QualiaLogger] INFO: ✅ [BOOTSTRAP] Service layer initialization completed successfully {}
[INFO] ℹ️ [QualiaLogger] INFO: TimerService initialized with timer abstraction {}
[INFO] ℹ️ [QualiaLogger] INFO: 🚀 [EventBus] EventBus initialized via InversifyJS {}
[INFO] ℹ️ [QualiaLogger] INFO: GameStateStoreService constructed. Awaiting store setter. {}
[INFO] ℹ️ [QualiaLogger] INFO: Zustand store setter has been provided to GameStateStoreService. {}
[INFO] ℹ️ [QualiaLogger] INFO: ✅ [BOOTSTRAP] UI-Service bridge established successfully {}
[INFO] ℹ️ [QualiaLogger] INFO: HttpService initialized with fetch abstraction {defaultTimeout: undefined}
[INFO] ℹ️ [QualiaLogger] INFO: PerformanceService initialized with performance abstraction {}
[INFO] ℹ️ [QualiaLogger] INFO: BackendSyncService initialized - configuration will be loaded on demand {}
[INFO] ℹ️ [QualiaLogger] INFO: 🎮 [GameController] Service initialized {}
[INFO] ℹ️ [QualiaLogger] INFO: RhythmicMovementController initialized successfully {}
[INFO] ℹ️ [QualiaLogger] INFO: 🔧 [NotificationService] Service initialized - configuration will be loaded in start() {}
[INFO] ℹ️ [QualiaLogger] INFO: 🔧 [ErrorReportingService] Service initialized - configuration will be loaded in start() {}
[INFO] ℹ️ [QualiaLogger] INFO: 🔧 [DebugService] Service initialized with AI debugging capabilities and pure DI {}
[INFO] ℹ️ [QualiaLogger] INFO: WebSocketService initialized {}
[INFO] ℹ️ [QualiaLogger] INFO: StateStreamingService initialized {connectionUrl: ws://127.0.0.1:8000/ws/video_stream, maxReconnectAttempts: 10}
[INFO] ℹ️ [QualiaLogger] INFO: ApplicationInitializerService constructed - awaiting start() {}
[INFO] ℹ️ [QualiaLogger] INFO: Application Bootstrap: Starting application... {}
[INFO] ℹ️ [QualiaLogger] INFO: 🚀 Starting application initialization sequence... {}
[INFO] ℹ️ [QualiaLogger] INFO: ✅ Configuration loaded successfully {}
[INFO] ℹ️ [QualiaLogger] INFO: 🎧 [GameStateStoreService] Starting event listeners... {}
[INFO] ℹ️ [QualiaLogger] INFO: 🔗 [EventBus] Subscribe called for GameStateChanged {}
[INFO] ℹ️ [QualiaLogger] INFO: 🔗 [EventBus] Subscribed to GameStateChanged (ID: undefined_1759162433203_0.3768663846382202) - 0.10ms {}
[INFO] ℹ️ [QualiaLogger] INFO: 🔗 [EventBus] Subscribe called for QualiaStateUpdated {}
[INFO] ℹ️ [QualiaLogger] INFO: 🔗 [EventBus] Subscribed to QualiaStateUpdated (ID: undefined_1759162433204_0.6963036466192494) - 0.10ms {}
[INFO] ℹ️ [QualiaLogger] INFO: 🔗 [EventBus] Subscribe called for RhythmicDash {}
[INFO] ℹ️ [QualiaLogger] INFO: 🔗 [EventBus] Subscribed to RhythmicDash (ID: undefined_1759162433204_0.9250995213690157) - 0.10ms {}
[INFO] ℹ️ [QualiaLogger] INFO: ✅ [GameStateStoreService] Event listeners active {}
[INFO] ℹ️ [QualiaLogger] INFO: ✅ GameStateStoreService started and listening {}
[INFO] ℹ️ [QualiaLogger] INFO: ErrorReporting configuration loaded from YAML successfully {}
[INFO] ℹ️ [QualiaLogger] INFO: 🚀 [ErrorReportingService] Starting production error reporting... {}
[INFO] ℹ️ [QualiaLogger] INFO: 🔗 [EventBus] Subscribe called for Error {}
[INFO] ℹ️ [QualiaLogger] INFO: 🔗 [EventBus] Subscribed to Error (ID: undefined_1759162433205_0.6741264993325179) - 0.20ms {}
[INFO] ℹ️ [QualiaLogger] INFO: 📡 [ErrorReportingService] Subscribed to Error events {}
[INFO] ℹ️ [QualiaLogger] INFO: 🚀 [ErrorReportingService] Service started - Production error handling active {}
[INFO] ℹ️ [QualiaLogger] INFO: 📊 [ErrorReportingService] Current Configuration: {enabled: true, maxBatchSize: 50, batchFlushInterval: 30000ms, maxRetries: 3, retryDelay: 1000ms}
[INFO] ℹ️ [QualiaLogger] INFO: DebugService configuration loaded successfully. {}
[INFO] ℹ️ [QualiaLogger] INFO: 📊 [DebugService] Current Configuration: {maxSessionHistory: 10, maxEventHistory: 500, performanceMonitoringInterval: 5000ms, aiAnalysisInterval: 30000ms, enableAIAnalysis: true}
[INFO] ℹ️ [QualiaLogger] INFO: 🚀 [DebugService] Starting AI debugging service... {}
[INFO] ℹ️ [QualiaLogger] INFO: 🔍 [DebugService] Started new debug session: debug_session_1759162433206_jnd4j8ft {}
[INFO] ℹ️ [QualiaLogger] INFO: 🔗 [EventBus] Subscribe called for * {}
[INFO] ℹ️ [QualiaLogger] INFO: 🔗 [EventBus] Subscribed to * (ID: undefined_1759162433206_0.47346751304443635) - 0.00ms {}
[INFO] ℹ️ [QualiaLogger] INFO: 📡 [DebugService] Subscribed to all event types {}
[INFO] ℹ️ [QualiaLogger] INFO: 🚀 [DebugService] Service started - AI debugging active {}
[INFO] ℹ️ [QualiaLogger] INFO: NotificationService configuration loaded from YAML successfully {}
[INFO] ℹ️ [QualiaLogger] INFO: 🚀 [NotificationService] Starting notification processing... {}
[INFO] ℹ️ [QualiaLogger] INFO: 🔗 [EventBus] Subscribe called for Error {}
[INFO] ℹ️ [QualiaLogger] INFO: 🔗 [EventBus] Subscribed to Error (ID: undefined_1759162433207_0.6408090994240386) - 0.20ms {}
[INFO] ℹ️ [QualiaLogger] INFO: 🔗 [EventBus] Subscribe called for GameStateChanged {}
[INFO] ℹ️ [QualiaLogger] INFO: 🔗 [EventBus] Subscribed to GameStateChanged (ID: undefined_1759162433207_0.7659802554082701) - 0.20ms {}
[INFO] ℹ️ [QualiaLogger] INFO: 🔗 [EventBus] Subscribe called for QualiaStateUpdated {}
[INFO] ℹ️ [QualiaLogger] INFO: 🔗 [EventBus] Subscribed to QualiaStateUpdated (ID: undefined_1759162433207_0.9194111280484073) - 0.20ms {}
[INFO] ℹ️ [QualiaLogger] INFO: 🔗 [EventBus] Subscribe called for BackendSync {}
[INFO] ℹ️ [QualiaLogger] INFO: 🔗 [EventBus] Subscribed to BackendSync (ID: undefined_1759162433207_0.8086370082074656) - 0.10ms {}
[INFO] ℹ️ [QualiaLogger] INFO: 📡 [NotificationService] Subscribed to notification events {}
[INFO] ℹ️ [QualiaLogger] INFO: NotificationService started {}
[INFO] ℹ️ [QualiaLogger] INFO: ✅ Transversal services (ErrorReporting, Debug, Notification) started {}
[INFO] ℹ️ [QualiaLogger] INFO: StateStreamingService started and EventBus injected. {}
[INFO] ℹ️ [QualiaLogger] INFO: State streaming service started {}
[INFO] ℹ️ [QualiaLogger] INFO: 🚀 [GameController] Starting service... {}
[INFO] ℹ️ [QualiaLogger] INFO: 🔗 [EventBus] Subscribe called for PlayerAction {}
[INFO] ℹ️ [QualiaLogger] INFO: 🔗 [EventBus] Subscribed to PlayerAction (ID: undefined_1759162433208_0.021599427731036736) - 0.10ms {}
[INFO] ℹ️ [QualiaLogger] INFO: 🔗 [EventBus] Subscribe called for GameStateChanged {}
[INFO] ℹ️ [QualiaLogger] INFO: 🔗 [EventBus] Subscribed to GameStateChanged (ID: undefined_1759162433209_0.923480767254706) - 0.20ms {}
[INFO] ℹ️ [QualiaLogger] INFO: ✅ [GameController] Events subscribed successfully {}
[INFO] ℹ️ [QualiaLogger] INFO: 🎮 [GameController] Service started successfully - 0.80ms {}
[INFO] ℹ️ [QualiaLogger] INFO: ✅ GameControllerService started and ready {}
[INFO] ℹ️ [QualiaLogger] INFO: 🔗 [EventBus] Subscribe called for PlayerInput {}
[INFO] ℹ️ [QualiaLogger] INFO: 🔗 [EventBus] Subscribed to PlayerInput (ID: undefined_1759162433209_0.046998607880333276) - 0.10ms {}
[INFO] ℹ️ [QualiaLogger] INFO: 🔗 [EventBus] Subscribe called for GameStateChanged {}
[INFO] ℹ️ [QualiaLogger] INFO: 🔗 [EventBus] Subscribed to GameStateChanged (ID: undefined_1759162433209_0.8271774293984024) - 0.10ms {}
[INFO] ℹ️ [QualiaLogger] INFO: RhythmicMovementController started successfully {}
[INFO] ℹ️ [QualiaLogger] INFO: ✅ RhythmicMovementController started and ready {}
[INFO] ℹ️ [QualiaLogger] INFO: 🚀 [BackendSync] Starting service... {}
[INFO] ℹ️ [QualiaLogger] INFO: 🔗 [EventBus] Subscribe called for QualiaStateUpdated {}
[INFO] ℹ️ [QualiaLogger] INFO: 🔗 [EventBus] Subscribed to QualiaStateUpdated (ID: undefined_1759162433210_0.48790903537527597) - 0.20ms {}
[INFO] ℹ️ [QualiaLogger] INFO: 📡 [BackendSync] Subscribed to events {}
[INFO] ℹ️ [QualiaLogger] INFO: ✅ [BackendSync] Service started successfully {}
[INFO] ℹ️ [QualiaLogger] INFO: 🎉 Application initialization sequence completed successfully! {initializationComplete: true, timestamp: null, duration: null, servicesStarted: Array(0), backendConnected: false}
[INFO] ℹ️ [QualiaLogger] INFO: ✅ [BOOTSTRAP] Application startup completed successfully {}
[INFO] ℹ️ [QualiaLogger] INFO: FrontendRenderingService initialized {}
[INFO] ℹ️ [QualiaLogger] INFO: BrowserEventsService initialized {}
[INFO] ℹ️ [QualiaLogger] INFO: Initializing FrontendRenderingService {}
❌❌❌ BROWSER TEST FAILED: page.waitForTimeout: Target page, context or browser has been closed
Page not available, cannot capture failure state.
📊 Failure report generated.
Closing browser if it exists...
