🌐 Starting comprehensive browser test...
📡 Navigating to http://localhost:5173...
[LOG] === RACE CONDITION TEST SCRIPT LOADED ===
[DEBUG] [vite] connecting...
[DEBUG] [vite] connected.
[INFO] %cDownload the React DevTools for a better development experience: https://reactjs.org/link/react-devtools font-weight:bold
[LOG] %c * Tone.js v14.9.17 *  background: #000; color: #fff
[WARNING] The AudioContext was not allowed to start. It must be resumed (or created) after a user gesture on the page. https://developer.chrome.com/blog/autoplay/#web_audio
[WARNING] The AudioContext was not allowed to start. It must be resumed (or created) after a user gesture on the page. https://developer.chrome.com/blog/autoplay/#web_audio
⏳ Waiting for main menu to load...
[INFO] ℹ️ [QualiaLogger] INFO: TimerService initialized with timer abstraction {}
[INFO] ℹ️ [QualiaLogger] INFO: HttpService initialized with fetch abstraction {defaultTimeout: 10000}
[INFO] ℹ️ [QualiaLogger] INFO: Loading configuration from multiple YAML files... {}
[INFO] ℹ️ [QualiaLogger] INFO: All configurations loaded successfully {}
[INFO] ℹ️ [QualiaLogger] INFO: Application Bootstrap: Initializing services... {}
[INFO] ℹ️ [QualiaLogger] INFO: ✅ [BOOTSTRAP] Service layer initialization completed successfully {}
[INFO] ℹ️ [QualiaLogger] INFO: 🚀 [EventBus] EventBus initialized via InversifyJS {}
[INFO] ℹ️ [QualiaLogger] INFO: GameStateStoreService constructed. Awaiting store setter. {}
[INFO] ℹ️ [QualiaLogger] INFO: Zustand store setter has been provided to GameStateStoreService. {}
[INFO] ℹ️ [QualiaLogger] INFO: ✅ [BOOTSTRAP] UI-Service bridge established successfully {}
[INFO] ℹ️ [QualiaLogger] INFO: BackendSyncService initialized - configuration will be loaded on demand {}
[INFO] ℹ️ [QualiaLogger] INFO: 🎮 [GameController] Service initialized {}
[INFO] ℹ️ [QualiaLogger] INFO: RhythmicMovementController initialized successfully {}
[INFO] ℹ️ [QualiaLogger] INFO: 🔧 [NotificationService] Service initialized - configuration will be loaded in start() {}
[INFO] ℹ️ [QualiaLogger] INFO: 🔧 [ErrorReportingService] Service initialized - configuration will be loaded in start() {}
[INFO] ℹ️ [QualiaLogger] INFO: PerformanceService initialized with performance abstraction {}
[INFO] ℹ️ [QualiaLogger] INFO: 🔧 [DebugService] Service initialized with AI debugging capabilities and pure DI {}
[INFO] ℹ️ [QualiaLogger] INFO: StateStreamingService initialized {connectionUrl: ws://127.0.0.1:8000/ws/video_stream, maxReconnectAttempts: 10}
[INFO] ℹ️ [QualiaLogger] INFO: ApplicationInitializerService constructed - awaiting start() {}
[INFO] ℹ️ [QualiaLogger] INFO: Application Bootstrap: Starting application... {}
[INFO] ℹ️ [QualiaLogger] INFO: 🚀 Starting application initialization sequence... {}
[INFO] ℹ️ [QualiaLogger] INFO: ✅ Configuration loaded successfully {}
[INFO] ℹ️ [QualiaLogger] INFO: HttpService configuration updated {previousTimeout: undefined, newTimeout: undefined}
[INFO] ℹ️ [QualiaLogger] INFO: ✅ HttpService configured with loaded settings {}
[INFO] ℹ️ [QualiaLogger] INFO: 🎧 [GameStateStoreService] Starting event listeners... {}
[INFO] ℹ️ [QualiaLogger] INFO: 🔗 [EventBus] Subscribe called for GameStateChanged {}
[INFO] ℹ️ [QualiaLogger] INFO: 🔗 [EventBus] Subscribed to GameStateChanged (ID: undefined_1759155872974_0.4774752113727846) - 0.30ms {}
[INFO] ℹ️ [QualiaLogger] INFO: 🔗 [EventBus] Subscribe called for QualiaStateUpdated {}
[INFO] ℹ️ [QualiaLogger] INFO: 🔗 [EventBus] Subscribed to QualiaStateUpdated (ID: undefined_1759155872974_0.09822343394534705) - 0.20ms {}
[INFO] ℹ️ [QualiaLogger] INFO: 🔗 [EventBus] Subscribe called for RhythmicDash {}
[INFO] ℹ️ [QualiaLogger] INFO: 🔗 [EventBus] Subscribed to RhythmicDash (ID: undefined_1759155872974_0.33372714670610204) - 0.20ms {}
[INFO] ℹ️ [QualiaLogger] INFO: ✅ [GameStateStoreService] Event listeners active {}
[INFO] ℹ️ [QualiaLogger] INFO: ✅ GameStateStoreService started and listening {}
[INFO] ℹ️ [QualiaLogger] INFO: ErrorReporting configuration loaded from YAML successfully {}
[INFO] ℹ️ [QualiaLogger] INFO: 🚀 [ErrorReportingService] Starting production error reporting... {}
[INFO] ℹ️ [QualiaLogger] INFO: 🔗 [EventBus] Subscribe called for Error {}
[INFO] ℹ️ [QualiaLogger] INFO: 🔗 [EventBus] Subscribed to Error (ID: undefined_1759155872976_0.38961376993316155) - 0.30ms {}
[INFO] ℹ️ [QualiaLogger] INFO: 📡 [ErrorReportingService] Subscribed to Error events {}
[INFO] ℹ️ [QualiaLogger] INFO: 🚀 [ErrorReportingService] Service started - Production error handling active {}
[INFO] ℹ️ [QualiaLogger] INFO: 📊 [ErrorReportingService] Current Configuration: {enabled: true, maxBatchSize: 50, batchFlushInterval: 30000ms, maxRetries: 3, retryDelay: 1000ms}
[INFO] ℹ️ [QualiaLogger] INFO: DebugService configuration loaded successfully. {}
[INFO] ℹ️ [QualiaLogger] INFO: 📊 [DebugService] Current Configuration: {maxSessionHistory: 10, maxEventHistory: 500, performanceMonitoringInterval: 5000ms, aiAnalysisInterval: 30000ms, enableAIAnalysis: true}
[INFO] ℹ️ [QualiaLogger] INFO: 🚀 [DebugService] Starting AI debugging service... {}
[INFO] ℹ️ [QualiaLogger] INFO: 🔍 [DebugService] Started new debug session: debug_session_1759155872977_yjjww0ze {}
[INFO] ℹ️ [QualiaLogger] INFO: 🔗 [EventBus] Subscribe called for * {}
[INFO] ℹ️ [QualiaLogger] INFO: 🔗 [EventBus] Subscribed to * (ID: undefined_1759155872978_0.9539245824167336) - 0.20ms {}
[INFO] ℹ️ [QualiaLogger] INFO: 📡 [DebugService] Subscribed to all event types {}
[INFO] ℹ️ [QualiaLogger] INFO: 🚀 [DebugService] Service started - AI debugging active {}
[INFO] ℹ️ [QualiaLogger] INFO: NotificationService configuration loaded from YAML successfully {}
[INFO] ℹ️ [QualiaLogger] INFO: 🚀 [NotificationService] Starting notification processing... {}
[INFO] ℹ️ [QualiaLogger] INFO: 🔗 [EventBus] Subscribe called for Error {}
[INFO] ℹ️ [QualiaLogger] INFO: 🔗 [EventBus] Subscribed to Error (ID: undefined_1759155872979_0.3073622357204837) - 0.20ms {}
[INFO] ℹ️ [QualiaLogger] INFO: 🔗 [EventBus] Subscribe called for GameStateChanged {}
[INFO] ℹ️ [QualiaLogger] INFO: 🔗 [EventBus] Subscribed to GameStateChanged (ID: undefined_1759155872979_0.5829450113825725) - 0.20ms {}
[INFO] ℹ️ [QualiaLogger] INFO: 🔗 [EventBus] Subscribe called for QualiaStateUpdated {}
[INFO] ℹ️ [QualiaLogger] INFO: 🔗 [EventBus] Subscribed to QualiaStateUpdated (ID: undefined_1759155872979_0.5714694605541676) - 0.20ms {}
[INFO] ℹ️ [QualiaLogger] INFO: 🔗 [EventBus] Subscribe called for BackendSync {}
[INFO] ℹ️ [QualiaLogger] INFO: 🔗 [EventBus] Subscribed to BackendSync (ID: undefined_1759155872980_0.982690452077198) - 0.10ms {}
[INFO] ℹ️ [QualiaLogger] INFO: 📡 [NotificationService] Subscribed to notification events {}
[INFO] ℹ️ [QualiaLogger] INFO: NotificationService started {}
[INFO] ℹ️ [QualiaLogger] INFO: ✅ Transversal services (ErrorReporting, Debug, Notification) started {}
[INFO] ℹ️ [QualiaLogger] INFO: StateStreamingService started and EventBus injected. {}
[INFO] ℹ️ [QualiaLogger] INFO: State streaming service started {}
[INFO] ℹ️ [QualiaLogger] INFO: 🚀 [GameController] Starting service... {}
[INFO] ℹ️ [QualiaLogger] INFO: 🔗 [EventBus] Subscribe called for PlayerAction {}
[INFO] ℹ️ [QualiaLogger] INFO: 🔗 [EventBus] Subscribed to PlayerAction (ID: undefined_1759155872981_0.5792217243536033) - 0.20ms {}
[INFO] ℹ️ [QualiaLogger] INFO: 🔗 [EventBus] Subscribe called for GameStateChanged {}
[INFO] ℹ️ [QualiaLogger] INFO: 🔗 [EventBus] Subscribed to GameStateChanged (ID: undefined_1759155872981_0.6004745915684149) - 0.10ms {}
[INFO] ℹ️ [QualiaLogger] INFO: ✅ [GameController] Events subscribed successfully {}
[INFO] ℹ️ [QualiaLogger] INFO: 🎮 [GameController] Service started successfully - 1.00ms {}
[INFO] ℹ️ [QualiaLogger] INFO: ✅ GameControllerService started and ready {}
[INFO] ℹ️ [QualiaLogger] INFO: 🔗 [EventBus] Subscribe called for PlayerInput {}
[INFO] ℹ️ [QualiaLogger] INFO: 🔗 [EventBus] Subscribed to PlayerInput (ID: undefined_1759155872982_0.6360653262423139) - 0.20ms {}
[INFO] ℹ️ [QualiaLogger] INFO: 🔗 [EventBus] Subscribe called for GameStateChanged {}
[INFO] ℹ️ [QualiaLogger] INFO: 🔗 [EventBus] Subscribed to GameStateChanged (ID: undefined_1759155872983_0.248018743506088) - 0.10ms {}
[INFO] ℹ️ [QualiaLogger] INFO: RhythmicMovementController started successfully {}
[INFO] ℹ️ [QualiaLogger] INFO: ✅ RhythmicMovementController started and ready {}
[INFO] ℹ️ [QualiaLogger] INFO: 🚀 [BackendSync] Starting service... {}
[INFO] ℹ️ [QualiaLogger] INFO: 🔗 [EventBus] Subscribe called for QualiaStateUpdated {}
[INFO] ℹ️ [QualiaLogger] INFO: 🔗 [EventBus] Subscribed to QualiaStateUpdated (ID: undefined_1759155872984_0.0010758181702691383) - 0.20ms {}
[INFO] ℹ️ [QualiaLogger] INFO: 📡 [BackendSync] Subscribed to events {}
[INFO] ℹ️ [QualiaLogger] INFO: ✅ [BackendSync] Service started successfully {}
[INFO] ℹ️ [QualiaLogger] INFO: undefined {backendConnected: false}
[INFO] ℹ️ [QualiaLogger] INFO: ✅ [BOOTSTRAP] Application startup completed successfully {}
[INFO] ℹ️ [QualiaLogger] INFO: FrontendRenderingService initialized {}
[PAGE ERROR] Invalid hook call. Hooks can only be called inside of the body of a function component. This could happen for one of the following reasons:
1. You might have mismatching versions of React and the renderer (such as React DOM)
2. You might be breaking the Rules of Hooks
3. You might have more than one copy of React in the same app
See https://reactjs.org/link/invalid-hook-call for tips about how to debug and fix this problem.
[PAGE ERROR] Invalid hook call. Hooks can only be called inside of the body of a function component. This could happen for one of the following reasons:
1. You might have mismatching versions of React and the renderer (such as React DOM)
2. You might be breaking the Rules of Hooks
3. You might have more than one copy of React in the same app
See https://reactjs.org/link/invalid-hook-call for tips about how to debug and fix this problem.
[LOG] 🔴 SERVICE ERROR DETECTED: The above error occurred in the <FrontendRenderer> component:

    at FrontendRenderer (http://localhost:5173/src/components/FrontendRenderer.tsx:21:3)
    at div
    at div
    at MainLayout (http://localhost:5173/src/components/layout/MainLayout.tsx:25:21)
    at App
    at ServiceProvider (http://localhost:5173/src/services/ServiceContext.tsx:20:28)
    at AppBootstrap (http://localhost:5173/src/index.tsx?t=1759155871559:50:51)

Consider adding an error boundary to your tree to customize error handling behavior.
Visit https://reactjs.org/link/error-boundaries to learn more about error boundaries.
[ERROR] The above error occurred in the <FrontendRenderer> component:

    at FrontendRenderer (http://localhost:5173/src/components/FrontendRenderer.tsx:21:3)
    at div
    at div
    at MainLayout (http://localhost:5173/src/components/layout/MainLayout.tsx:25:21)
    at App
    at ServiceProvider (http://localhost:5173/src/services/ServiceContext.tsx:20:28)
    at AppBootstrap (http://localhost:5173/src/index.tsx?t=1759155871559:50:51)

Consider adding an error boundary to your tree to customize error handling behavior.
Visit https://reactjs.org/link/error-boundaries to learn more about error boundaries.
[LOG] 🔴 SERVICE ERROR DETECTED: The above error occurred in the <FrontendRenderer> component:

    at FrontendRenderer (http://localhost:5173/src/components/FrontendRenderer.tsx:21:3)
    at div
    at div
    at MainLayout (http://localhost:5173/src/components/layout/MainLayout.tsx:25:21)
    at App
    at ServiceProvider (http://localhost:5173/src/services/ServiceContext.tsx:20:28)
    at AppBootstrap (http://localhost:5173/src/index.tsx?t=1759155871559:50:51)

Consider adding an error boundary to your tree to customize error handling behavior.
Visit https://reactjs.org/link/error-boundaries to learn more about error boundaries.
[ERROR] The above error occurred in the <FrontendRenderer> component:

    at FrontendRenderer (http://localhost:5173/src/components/FrontendRenderer.tsx:21:3)
    at div
    at div
    at MainLayout (http://localhost:5173/src/components/layout/MainLayout.tsx:25:21)
    at App
    at ServiceProvider (http://localhost:5173/src/services/ServiceContext.tsx:20:28)
    at AppBootstrap (http://localhost:5173/src/index.tsx?t=1759155871559:50:51)

Consider adding an error boundary to your tree to customize error handling behavior.
Visit https://reactjs.org/link/error-boundaries to learn more about error boundaries.
[PAGE ERROR] Invalid hook call. Hooks can only be called inside of the body of a function component. This could happen for one of the following reasons:
1. You might have mismatching versions of React and the renderer (such as React DOM)
2. You might be breaking the Rules of Hooks
3. You might have more than one copy of React in the same app
See https://reactjs.org/link/invalid-hook-call for tips about how to debug and fix this problem.
[LOG] === RACE CONDITION TEST RESULTS ===
[LOG] ✅ NO CONFIGURATION ERRORS DETECTED
[LOG] ❌ SERVICE INITIALIZATION ERRORS FOUND: [Object, Object]
[LOG] === TEST COMPLETE ===
❌❌❌ BROWSER TEST FAILED: page.waitForSelector: Timeout 10000ms exceeded.
Call log:
[2m  - waiting for locator('text=INITIATE NEURAL SYNC') to be visible[22m

📸 Capturing FAILURE state (Screenshot + DOM)...
📸 Failure state captured.
📊 Failure report generated.
Closing browser if it exists...
